[2025-12-27 22:38:25.698] [ 56752] [5BE0] ===================================
[2025-12-27 22:38:25.699] [ 56752] [5BE0] Browser process opened from pid: 36084
[2025-12-27 22:38:25.699] [ 56752] [5BE0] Language: en
[2025-12-27 22:38:25.699] [ 56752] [5BE0] Connecting to IPC channel: rgsc_ipc_8cf4_channel_0
[2025-12-27 22:38:25.700] [ 56752] [5BE0] Product version: RockstarGames/2.4.0.146/1.0.105.2733/launcher/Epic
[2025-12-27 22:38:25.865] [ 56752] [5BE0] OnChannelConnected - rgsc_ipc_8cf4_channel_0 (remoteProcessId 36084)
[2025-12-27 22:38:29.965] [ 56752] [5BE0] Renderer[1][61372] IPC Channel Response: 61372 -> rgsc_ipc_8cf4_channel_1
[2025-12-27 22:38:29.966] [ 56752] [5BE0] Renderer[1][61372] Connecting to IPC channel: rgsc_ipc_8cf4_channel_1
[2025-12-27 22:38:30.059] [ 56752] [5BE0] Renderer[1][61372] OnChannelConnected - rgsc_ipc_8cf4_channel_1 (remoteProcessId 36084)
[2025-12-27 22:38:43.318] [ 56752] [5BE0] Renderer[2][63672] IPC Channel Response: 63672 -> rgsc_ipc_8cf4_channel_2
[2025-12-27 22:38:43.318] [ 56752] [5BE0] Renderer[2][63672] Connecting to IPC channel: rgsc_ipc_8cf4_channel_2
[2025-12-27 22:38:43.414] [ 56752] [5BE0] Renderer[2][63672] OnChannelConnected - rgsc_ipc_8cf4_channel_2 (remoteProcessId 36084)
[2025-12-27 23:03:29.288] [ 56752] [5BE0] Renderer[3][58340] IPC Channel Response: 58340 -> rgsc_ipc_8cf4_channel_3
[2025-12-27 23:03:29.305] [ 56752] [5BE0] Renderer[3][58340] Connecting to IPC channel: rgsc_ipc_8cf4_channel_3
[2025-12-27 23:03:29.339] [ 56752] [5BE0] Renderer[3][58340] OnChannelConnected - rgsc_ipc_8cf4_channel_3 (remoteProcessId 36084)
[2025-12-27 23:03:36.848] [ 56752] [5BE0] Renderer[3][58340] IPC Channel Response: 58340 -> rgsc_ipc_8cf4_channel_4
[2025-12-27 23:03:36.849] [ 56752] [5BE0] Renderer[3][58340] Connecting to IPC channel: rgsc_ipc_8cf4_channel_4
[2025-12-27 23:03:36.849] [ 56752] [5BE0] Renderer[3][58340] IPC Channel Response: 58340 -> rgsc_ipc_8cf4_channel_4
[2025-12-27 23:03:37.141] [ 56752] [5BE0] Renderer[3][58340] OnChannelConnected - rgsc_ipc_8cf4_channel_4 (remoteProcessId 36084)
[2025-12-27 23:12:49.631] [ 56752] [5BE0] Renderer[4][64660] IPC Channel Response: 64660 -> rgsc_ipc_9890_channel_0
[2025-12-27 23:12:49.632] [ 56752] [5BE0] Renderer[4][64660] Connecting to IPC channel: rgsc_ipc_9890_channel_0
[2025-12-27 23:12:49.677] [ 56752] [5BE0] Renderer[4][64660] OnChannelConnected - rgsc_ipc_9890_channel_0 (remoteProcessId 39056)
[2025-12-27 23:41:18.463] [ 56752] [5BE0] Renderer[4][64660] OnChannelError() - rgsc_ipc_9890_channel_0
[2025-12-27 23:41:29.793] [ 56752] [5BE0] OnChannelError() - rgsc_ipc_8cf4_channel_0
[2025-12-27 23:41:29.794] [ 56752] [5BE0] Shutdown requested
[2025-12-27 23:41:34.803] [ 56752] [5BE0] Timed out waiting for windows to close on shutdown
[2025-12-27 23:41:34.818] [ 56752] [5BE0] MainMessageLoopInternalPump - Preparing to shutdown
[2025-12-27 23:41:37.949] [ 56752] [5BE0] MainMessageLoopInternalPump - Shutdown
[2025-12-28 23:28:04.493] [ 37968] [A124] ===================================
[2025-12-28 23:28:04.494] [ 37968] [A124] Browser process opened from pid: 66032
[2025-12-28 23:28:04.494] [ 37968] [A124] Language: en
[2025-12-28 23:28:04.494] [ 37968] [A124] Connecting to IPC channel: rgsc_ipc_101f0_channel_0
[2025-12-28 23:28:04.495] [ 37968] [A124] Product version: RockstarGames/2.4.0.146/1.0.105.2733/launcher/Epic
[2025-12-28 23:28:04.553] [ 37968] [A124] OnChannelConnected - rgsc_ipc_101f0_channel_0 (remoteProcessId 66032)
[2025-12-28 23:28:06.461] [ 37968] [A124] Renderer[1][47464] IPC Channel Response: 47464 -> rgsc_ipc_101f0_channel_1
[2025-12-28 23:28:06.461] [ 37968] [A124] Renderer[1][47464] Connecting to IPC channel: rgsc_ipc_101f0_channel_1
[2025-12-28 23:28:06.476] [ 37968] [A124] Renderer[1][47464] OnChannelConnected - rgsc_ipc_101f0_channel_1 (remoteProcessId 66032)
[2025-12-28 23:28:09.039] [ 37968] [A124] Renderer[2][64916] IPC Channel Response: 64916 -> rgsc_ipc_101f0_channel_2
[2025-12-28 23:28:09.040] [ 37968] [A124] Renderer[2][64916] Connecting to IPC channel: rgsc_ipc_101f0_channel_2
[2025-12-28 23:28:09.818] [ 37968] [A124] Renderer[2][64916] OnChannelConnected - rgsc_ipc_101f0_channel_2 (remoteProcessId 66032)
[2025-12-28 23:28:10.776] [ 37968] [A124] Renderer[2][64916] IPC Channel Response: 64916 -> rgsc_ipc_101f0_channel_3
[2025-12-28 23:28:10.778] [ 37968] [A124] Renderer[2][64916] Connecting to IPC channel: rgsc_ipc_101f0_channel_3
[2025-12-28 23:28:10.778] [ 37968] [A124] Renderer[2][64916] IPC Channel Response: 64916 -> rgsc_ipc_101f0_channel_3
[2025-12-28 23:28:11.203] [ 37968] [A124] Renderer[2][64916] OnChannelConnected - rgsc_ipc_101f0_channel_3 (remoteProcessId 66032)
[2025-12-28 23:29:27.061] [ 37968] [A124] Renderer[3][62616] IPC Channel Response: 62616 -> rgsc_ipc_81e0_channel_0
[2025-12-28 23:29:27.063] [ 37968] [A124] Renderer[3][62616] Connecting to IPC channel: rgsc_ipc_81e0_channel_0
[2025-12-28 23:29:27.063] [ 37968] [A124] Renderer[3][62616] OnChannelConnected - rgsc_ipc_81e0_channel_0 (remoteProcessId 33248)
[2025-12-29 00:31:17.777] [ 37968] [A124] OnChannelError() - rgsc_ipc_101f0_channel_0
[2025-12-29 00:31:17.785] [ 37968] [A124] Shutdown requested
[2025-12-29 00:31:22.822] [ 37968] [A124] Timed out waiting for windows to close on shutdown
[2025-12-29 00:31:22.838] [ 37968] [A124] MainMessageLoopInternalPump - Preparing to shutdown
[2025-12-30 20:15:30.188] [ 30176] [F4CC] ===================================
[2025-12-30 20:15:30.216] [ 30176] [F4CC] Browser process opened from pid: 65016
[2025-12-30 20:15:30.217] [ 30176] [F4CC] Language: en
[2025-12-30 20:15:30.217] [ 30176] [F4CC] Connecting to IPC channel: rgsc_ipc_fdf8_channel_0
[2025-12-30 20:15:30.219] [ 30176] [F4CC] Product version: RockstarGames/2.4.0.146/1.0.105.2733/launcher/Epic
[2025-12-30 20:15:30.390] [ 30176] [F4CC] OnChannelConnected - rgsc_ipc_fdf8_channel_0 (remoteProcessId 65016)
[2025-12-30 20:15:32.419] [ 30176] [F4CC] Renderer[1][66344] IPC Channel Response: 66344 -> rgsc_ipc_fdf8_channel_1
[2025-12-30 20:15:32.420] [ 30176] [F4CC] Renderer[1][66344] Connecting to IPC channel: rgsc_ipc_fdf8_channel_1
[2025-12-30 20:15:32.511] [ 30176] [F4CC] Renderer[1][66344] OnChannelConnected - rgsc_ipc_fdf8_channel_1 (remoteProcessId 65016)
[2025-12-30 20:15:35.507] [ 30176] [F4CC] Renderer[2][58524] IPC Channel Response: 58524 -> rgsc_ipc_fdf8_channel_2
[2025-12-30 20:15:35.508] [ 30176] [F4CC] Renderer[2][58524] Connecting to IPC channel: rgsc_ipc_fdf8_channel_2
[2025-12-30 20:15:35.561] [ 30176] [F4CC] Renderer[2][58524] OnChannelConnected - rgsc_ipc_fdf8_channel_2 (remoteProcessId 65016)
[2025-12-30 20:15:38.726] [ 30176] [F4CC] Renderer[2][58524] IPC Channel Response: 58524 -> rgsc_ipc_fdf8_channel_3
[2025-12-30 20:15:38.727] [ 30176] [F4CC] Renderer[2][58524] Connecting to IPC channel: rgsc_ipc_fdf8_channel_3
[2025-12-30 20:15:39.042] [ 30176] [F4CC] Renderer[2][58524] OnChannelConnected - rgsc_ipc_fdf8_channel_3 (remoteProcessId 65016)
[2025-12-30 20:17:26.904] [ 30176] [F4CC] Renderer[3][68656] IPC Channel Response: 68656 -> rgsc_ipc_db80_channel_0
[2025-12-30 20:17:26.904] [ 30176] [F4CC] Renderer[3][68656] Connecting to IPC channel: rgsc_ipc_db80_channel_0
[2025-12-30 20:17:26.934] [ 30176] [F4CC] Renderer[3][68656] OnChannelConnected - rgsc_ipc_db80_channel_0 (remoteProcessId 56192)
[2025-12-30 21:12:26.961] [ 30176] [F4CC] OnChannelError() - rgsc_ipc_fdf8_channel_0
[2025-12-30 21:12:26.975] [ 30176] [F4CC] Shutdown requested
[2025-12-30 22:48:16.951] [ 64588] [F068] ===================================
[2025-12-30 22:48:16.952] [ 64588] [F068] Browser process opened from pid: 24508
[2025-12-30 22:48:16.952] [ 64588] [F068] Language: en
[2025-12-30 22:48:16.952] [ 64588] [F068] Connecting to IPC channel: rgsc_ipc_5fbc_channel_0
[2025-12-30 22:48:16.953] [ 64588] [F068] Product version: RockstarGames/2.4.0.146/1.0.105.2733/launcher/Epic
[2025-12-30 22:48:17.062] [ 64588] [F068] OnChannelConnected - rgsc_ipc_5fbc_channel_0 (remoteProcessId 24508)
[2025-12-30 22:48:17.612] [ 64588] [F068] Renderer[1][66592] IPC Channel Response: 66592 -> rgsc_ipc_5fbc_channel_1
[2025-12-30 22:48:17.612] [ 64588] [F068] Renderer[1][66592] Connecting to IPC channel: rgsc_ipc_5fbc_channel_1
[2025-12-30 22:48:18.020] [ 64588] [F068] Renderer[1][66592] OnChannelConnected - rgsc_ipc_5fbc_channel_1 (remoteProcessId 24508)
[2025-12-30 22:48:54.578] [ 64588] [F068] Renderer[2][70000] IPC Channel Response: 70000 -> rgsc_ipc_d490_channel_0
[2025-12-30 22:48:54.579] [ 64588] [F068] Renderer[2][70000] Connecting to IPC channel: rgsc_ipc_d490_channel_0
[2025-12-30 22:48:54.692] [ 64588] [F068] Renderer[2][70000] OnChannelConnected - rgsc_ipc_d490_channel_0 (remoteProcessId 54416)
[2025-12-31 00:26:00.474] [ 64588] [F068] OnChannelError() - rgsc_ipc_5fbc_channel_0
[2025-12-31 00:26:00.475] [ 64588] [F068] Shutdown requested
[2025-12-31 00:26:05.478] [ 64588] [F068] Timed out waiting for windows to close on shutdown
[2025-12-31 00:26:05.494] [ 64588] [F068] MainMessageLoopInternalPump - Preparing to shutdown
[2025-12-31 00:26:08.612] [ 64588] [F068] MainMessageLoopInternalPump - Shutdown
[2025-12-31 23:19:34.924] [ 47988] [10AD4] ===================================
[2025-12-31 23:19:34.924] [ 47988] [10AD4] Browser process opened from pid: 62820
[2025-12-31 23:19:34.925] [ 47988] [10AD4] Language: en
[2025-12-31 23:19:34.925] [ 47988] [10AD4] Connecting to IPC channel: rgsc_ipc_f564_channel_0
[2025-12-31 23:19:34.926] [ 47988] [10AD4] Product version: RockstarGames/2.4.0.146/1.0.105.2733/launcher/Epic
[2025-12-31 23:19:34.973] [ 47988] [10AD4] OnChannelConnected - rgsc_ipc_f564_channel_0 (remoteProcessId 62820)
[2025-12-31 23:19:35.267] [ 47988] [10AD4] Renderer[1][66484] IPC Channel Response: 66484 -> rgsc_ipc_f564_channel_1
[2025-12-31 23:19:35.268] [ 47988] [10AD4] Renderer[1][66484] Connecting to IPC channel: rgsc_ipc_f564_channel_1
[2025-12-31 23:19:35.674] [ 47988] [10AD4] Renderer[1][66484] OnChannelConnected - rgsc_ipc_f564_channel_1 (remoteProcessId 62820)
[2025-12-31 23:20:09.245] [ 47988] [10AD4] Renderer[2][71260] IPC Channel Response: 71260 -> rgsc_ipc_111ec_channel_0
[2025-12-31 23:20:09.248] [ 47988] [10AD4] Renderer[2][71260] Connecting to IPC channel: rgsc_ipc_111ec_channel_0
[2025-12-31 23:20:09.338] [ 47988] [10AD4] Renderer[2][71260] OnChannelConnected - rgsc_ipc_111ec_channel_0 (remoteProcessId 70124)
[2026-01-01 00:36:54.789] [ 47988] [10AD4] OnChannelError() - rgsc_ipc_f564_channel_0
[2026-01-01 00:36:54.789] [ 47988] [10AD4] Shutdown requested
[2026-01-01 00:36:59.794] [ 47988] [10AD4] Timed out waiting for windows to close on shutdown
[2026-01-01 00:36:59.810] [ 47988] [10AD4] MainMessageLoopInternalPump - Preparing to shutdown
[2026-01-01 00:37:02.976] [ 47988] [10AD4] MainMessageLoopInternalPump - Shutdown
[2026-01-01 22:24:44.484] [ 68564] [ED4C] ===================================
[2026-01-01 22:24:44.494] [ 68564] [ED4C] Browser process opened from pid: 54032
[2026-01-01 22:24:44.494] [ 68564] [ED4C] Language: en
[2026-01-01 22:24:44.495] [ 68564] [ED4C] Connecting to IPC channel: rgsc_ipc_d310_channel_0
[2026-01-01 22:24:44.496] [ 68564] [ED4C] Product version: RockstarGames/2.4.0.146/1.0.105.2733/launcher/Epic
[2026-01-01 22:24:44.696] [ 68564] [ED4C] OnChannelConnected - rgsc_ipc_d310_channel_0 (remoteProcessId 54032)
[2026-01-01 22:24:47.025] [ 68564] [ED4C] Renderer[1][72860] IPC Channel Response: 72860 -> rgsc_ipc_d310_channel_1
[2026-01-01 22:24:47.025] [ 68564] [ED4C] Renderer[1][72860] Connecting to IPC channel: rgsc_ipc_d310_channel_1
[2026-01-01 22:24:47.181] [ 68564] [ED4C] Renderer[1][72860] OnChannelConnected - rgsc_ipc_d310_channel_1 (remoteProcessId 54032)
[2026-01-01 22:24:49.208] [ 68564] [ED4C] Renderer[2][38524] IPC Channel Response: 38524 -> rgsc_ipc_d310_channel_2
[2026-01-01 22:24:49.208] [ 68564] [ED4C] Renderer[2][38524] Connecting to IPC channel: rgsc_ipc_d310_channel_2
[2026-01-01 22:24:49.241] [ 68564] [ED4C] Renderer[2][38524] OnChannelConnected - rgsc_ipc_d310_channel_2 (remoteProcessId 54032)
[2026-01-01 22:24:51.282] [ 68564] [ED4C] Renderer[2][38524] IPC Channel Response: 38524 -> rgsc_ipc_d310_channel_3
[2026-01-01 22:24:51.283] [ 68564] [ED4C] Renderer[2][38524] Connecting to IPC channel: rgsc_ipc_d310_channel_3
[2026-01-01 22:24:51.534] [ 68564] [ED4C] Renderer[2][38524] OnChannelConnected - rgsc_ipc_d310_channel_3 (remoteProcessId 54032)
[2026-01-01 22:26:25.094] [ 68564] [ED4C] Renderer[3][15768] IPC Channel Response: 15768 -> rgsc_ipc_10594_channel_0
[2026-01-01 22:26:25.095] [ 68564] [ED4C] Renderer[3][15768] Connecting to IPC channel: rgsc_ipc_10594_channel_0
[2026-01-01 22:26:25.096] [ 68564] [ED4C] Renderer[3][15768] OnChannelConnected - rgsc_ipc_10594_channel_0 (remoteProcessId 66964)
[2026-01-02 19:44:49.376] [ 73892] [123F8] ===================================
[2026-01-02 19:44:49.388] [ 73892] [123F8] Browser process opened from pid: 45244
[2026-01-02 19:44:49.388] [ 73892] [123F8] Language: en
[2026-01-02 19:44:49.388] [ 73892] [123F8] Connecting to IPC channel: rgsc_ipc_b0bc_channel_0
[2026-01-02 19:44:49.389] [ 73892] [123F8] Product version: RockstarGames/2.4.0.146/1.0.105.2733/launcher/Epic
[2026-01-02 19:44:49.546] [ 73892] [123F8] OnChannelConnected - rgsc_ipc_b0bc_channel_0 (remoteProcessId 45244)
[2026-01-02 19:44:50.063] [ 73892] [123F8] Renderer[1][47488] IPC Channel Response: 47488 -> rgsc_ipc_b0bc_channel_1
[2026-01-02 19:44:50.064] [ 73892] [123F8] Renderer[1][47488] Connecting to IPC channel: rgsc_ipc_b0bc_channel_1
[2026-01-02 19:44:50.441] [ 73892] [123F8] Renderer[1][47488] OnChannelConnected - rgsc_ipc_b0bc_channel_1 (remoteProcessId 45244)
[2026-01-02 19:45:31.081] [ 73892] [123F8] Renderer[2][9564] IPC Channel Response: 9564 -> rgsc_ipc_11ec4_channel_0
[2026-01-02 19:45:31.082] [ 73892] [123F8] Renderer[2][9564] Connecting to IPC channel: rgsc_ipc_11ec4_channel_0
[2026-01-02 19:45:31.286] [ 73892] [123F8] Renderer[2][9564] OnChannelConnected - rgsc_ipc_11ec4_channel_0 (remoteProcessId 73412)
[2026-01-02 20:57:44.160] [ 73892] [123F8] OnChannelError() - rgsc_ipc_b0bc_channel_0
[2026-01-02 20:57:44.161] [ 73892] [123F8] Shutdown requested
[2026-01-05 16:10:25.811] [ 69500] [F12C] ===================================
[2026-01-05 16:10:25.821] [ 69500] [F12C] Browser process opened from pid: 72252
[2026-01-05 16:10:25.822] [ 69500] [F12C] Language: en
[2026-01-05 16:10:25.822] [ 69500] [F12C] Connecting to IPC channel: rgsc_ipc_11a3c_channel_0
[2026-01-05 16:10:25.823] [ 69500] [F12C] Product version: RockstarGames/2.4.0.146/1.0.105.2733/launcher/Epic
[2026-01-05 16:10:25.978] [ 69500] [F12C] OnChannelConnected - rgsc_ipc_11a3c_channel_0 (remoteProcessId 72252)
[2026-01-05 16:10:27.654] [ 69500] [F12C] Renderer[1][65704] IPC Channel Response: 65704 -> rgsc_ipc_11a3c_channel_1
[2026-01-05 16:10:27.654] [ 69500] [F12C] Renderer[1][65704] Connecting to IPC channel: rgsc_ipc_11a3c_channel_1
[2026-01-05 16:10:27.811] [ 69500] [F12C] Renderer[1][65704] OnChannelConnected - rgsc_ipc_11a3c_channel_1 (remoteProcessId 72252)
[2026-01-05 16:10:29.556] [ 69500] [F12C] Renderer[2][28152] IPC Channel Response: 28152 -> rgsc_ipc_11a3c_channel_2
[2026-01-05 16:10:29.557] [ 69500] [F12C] Renderer[2][28152] Connecting to IPC channel: rgsc_ipc_11a3c_channel_2
[2026-01-05 16:10:29.734] [ 69500] [F12C] Renderer[2][28152] OnChannelConnected - rgsc_ipc_11a3c_channel_2 (remoteProcessId 72252)
[2026-01-05 16:10:31.451] [ 69500] [F12C] Renderer[2][28152] IPC Channel Response: 28152 -> rgsc_ipc_11a3c_channel_3
[2026-01-05 16:10:31.452] [ 69500] [F12C] Renderer[2][28152] Connecting to IPC channel: rgsc_ipc_11a3c_channel_3
[2026-01-05 16:10:31.626] [ 69500] [F12C] Renderer[2][28152] OnChannelConnected - rgsc_ipc_11a3c_channel_3 (remoteProcessId 72252)
[2026-01-05 16:11:58.267] [ 69500] [F12C] Renderer[3][66768] IPC Channel Response: 66768 -> rgsc_ipc_fee0_channel_0
[2026-01-05 16:11:58.268] [ 69500] [F12C] Renderer[3][66768] Connecting to IPC channel: rgsc_ipc_fee0_channel_0
[2026-01-05 16:11:58.346] [ 69500] [F12C] Renderer[3][66768] OnChannelConnected - rgsc_ipc_fee0_channel_0 (remoteProcessId 65248)
[2026-01-05 19:58:30.376] [ 69500] [F12C] OnChannelError() - rgsc_ipc_11a3c_channel_0
[2026-01-05 19:58:30.376] [ 69500] [F12C] Shutdown requested
[2026-01-05 19:58:35.384] [ 69500] [F12C] Timed out waiting for windows to close on shutdown
[2026-01-05 19:58:35.400] [ 69500] [F12C] MainMessageLoopInternalPump - Preparing to shutdown
[2026-01-05 19:58:38.528] [ 69500] [F12C] MainMessageLoopInternalPump - Shutdown
[2026-01-06 10:09:02.030] [ 72484] [11D84] ===================================
[2026-01-06 10:09:02.031] [ 72484] [11D84] Browser process opened from pid: 75728
[2026-01-06 10:09:02.031] [ 72484] [11D84] Language: en
[2026-01-06 10:09:02.032] [ 72484] [11D84] Connecting to IPC channel: rgsc_ipc_127d0_channel_0
[2026-01-06 10:09:02.033] [ 72484] [11D84] Product version: RockstarGames/2.4.0.146/1.0.105.2733/launcher/Epic
[2026-01-06 10:09:02.108] [ 72484] [11D84] OnChannelConnected - rgsc_ipc_127d0_channel_0 (remoteProcessId 75728)
[2026-01-06 10:09:04.017] [ 72484] [11D84] Renderer[1][81744] IPC Channel Response: 81744 -> rgsc_ipc_127d0_channel_1
[2026-01-06 10:09:04.018] [ 72484] [11D84] Renderer[1][81744] Connecting to IPC channel: rgsc_ipc_127d0_channel_1
[2026-01-06 10:09:04.313] [ 72484] [11D84] Renderer[1][81744] OnChannelConnected - rgsc_ipc_127d0_channel_1 (remoteProcessId 75728)
[2026-01-06 10:09:07.764] [ 72484] [11D84] Renderer[2][73804] IPC Channel Response: 73804 -> rgsc_ipc_127d0_channel_2
[2026-01-06 10:09:07.765] [ 72484] [11D84] Renderer[2][73804] Connecting to IPC channel: rgsc_ipc_127d0_channel_2
[2026-01-06 10:09:07.793] [ 72484] [11D84] Renderer[2][73804] OnChannelConnected - rgsc_ipc_127d0_channel_2 (remoteProcessId 75728)
[2026-01-06 10:09:09.662] [ 72484] [11D84] Renderer[2][73804] IPC Channel Response: 73804 -> rgsc_ipc_127d0_channel_3
[2026-01-06 10:09:09.663] [ 72484] [11D84] Renderer[2][73804] Connecting to IPC channel: rgsc_ipc_127d0_channel_3
[2026-01-06 10:09:09.664] [ 72484] [11D84] Renderer[2][73804] IPC Channel Response: 73804 -> rgsc_ipc_127d0_channel_3
[2026-01-06 10:09:10.269] [ 72484] [11D84] Renderer[2][73804] OnChannelConnected - rgsc_ipc_127d0_channel_3 (remoteProcessId 75728)
[2026-01-06 10:10:31.212] [ 72484] [11D84] Renderer[3][77512] IPC Channel Response: 77512 -> rgsc_ipc_f2b4_channel_0
[2026-01-06 10:10:31.213] [ 72484] [11D84] Renderer[3][77512] Connecting to IPC channel: rgsc_ipc_f2b4_channel_0
[2026-01-06 10:10:31.243] [ 72484] [11D84] Renderer[3][77512] OnChannelConnected - rgsc_ipc_f2b4_channel_0 (remoteProcessId 62132)
[2026-01-06 12:25:45.159] [ 72484] [11D84] OnChannelError() - rgsc_ipc_127d0_channel_0
[2026-01-06 12:25:45.172] [ 72484] [11D84] Shutdown requested
[2026-01-06 12:25:50.182] [ 72484] [11D84] Timed out waiting for windows to close on shutdown
[2026-01-06 12:25:50.197] [ 72484] [11D84] MainMessageLoopInternalPump - Preparing to shutdown
[2026-01-06 12:25:53.323] [ 72484] [11D84] MainMessageLoopInternalPump - Shutdown
[2026-01-07 17:57:49.504] [ 80800] [147C0] ===================================
[2026-01-07 17:57:49.505] [ 80800] [147C0] Browser process opened from pid: 78768
[2026-01-07 17:57:49.505] [ 80800] [147C0] Language: en
[2026-01-07 17:57:49.506] [ 80800] [147C0] Connecting to IPC channel: rgsc_ipc_133b0_channel_0
[2026-01-07 17:57:49.506] [ 80800] [147C0] Product version: RockstarGames/2.4.0.146/1.0.105.2733/launcher/Epic
[2026-01-07 17:57:49.730] [ 80800] [147C0] OnChannelConnected - rgsc_ipc_133b0_channel_0 (remoteProcessId 78768)
[2026-01-07 17:57:51.599] [ 80800] [147C0] Renderer[1][78632] IPC Channel Response: 78632 -> rgsc_ipc_133b0_channel_1
[2026-01-07 17:57:51.600] [ 80800] [147C0] Renderer[1][78632] Connecting to IPC channel: rgsc_ipc_133b0_channel_1
[2026-01-07 17:57:51.832] [ 80800] [147C0] Renderer[1][78632] OnChannelConnected - rgsc_ipc_133b0_channel_1 (remoteProcessId 78768)
[2026-01-07 17:57:53.601] [ 80800] [147C0] Renderer[2][65400] IPC Channel Response: 65400 -> rgsc_ipc_133b0_channel_2
[2026-01-07 17:57:53.601] [ 80800] [147C0] Renderer[2][65400] Connecting to IPC channel: rgsc_ipc_133b0_channel_2
[2026-01-07 17:57:53.709] [ 80800] [147C0] Renderer[2][65400] OnChannelConnected - rgsc_ipc_133b0_channel_2 (remoteProcessId 78768)
[2026-01-07 17:57:56.038] [ 80800] [147C0] Renderer[2][65400] IPC Channel Response: 65400 -> rgsc_ipc_133b0_channel_3
[2026-01-07 17:57:56.038] [ 80800] [147C0] Renderer[2][65400] Connecting to IPC channel: rgsc_ipc_133b0_channel_3
[2026-01-07 17:57:56.560] [ 80800] [147C0] Renderer[2][65400] OnChannelConnected - rgsc_ipc_133b0_channel_3 (remoteProcessId 78768)
[2026-01-07 17:59:30.690] [ 80800] [147C0] Renderer[3][81020] IPC Channel Response: 81020 -> rgsc_ipc_13678_channel_0
[2026-01-07 17:59:30.692] [ 80800] [147C0] Renderer[3][81020] Connecting to IPC channel: rgsc_ipc_13678_channel_0
[2026-01-07 17:59:30.768] [ 80800] [147C0] Renderer[3][81020] OnChannelConnected - rgsc_ipc_13678_channel_0 (remoteProcessId 79480)
[2026-01-07 19:40:17.914] [ 80800] [147C0] OnChannelError() - rgsc_ipc_133b0_channel_0
[2026-01-07 19:40:17.928] [ 80800] [147C0] Shutdown requested
[2026-01-08 19:01:18.484] [ 83464] [13894] ===================================
[2026-01-08 19:01:18.497] [ 83464] [13894] Browser process opened from pid: 80236
[2026-01-08 19:01:18.498] [ 83464] [13894] Language: en
[2026-01-08 19:01:18.498] [ 83464] [13894] Connecting to IPC channel: rgsc_ipc_1396c_channel_0
[2026-01-08 19:01:18.499] [ 83464] [13894] Product version: RockstarGames/2.4.0.146/1.0.105.2733/launcher/Epic
[2026-01-08 19:01:18.619] [ 83464] [13894] OnChannelConnected - rgsc_ipc_1396c_channel_0 (remoteProcessId 80236)
[2026-01-08 19:01:20.391] [ 83464] [13894] Renderer[1][58624] IPC Channel Response: 58624 -> rgsc_ipc_1396c_channel_1
[2026-01-08 19:01:20.392] [ 83464] [13894] Renderer[1][58624] Connecting to IPC channel: rgsc_ipc_1396c_channel_1
[2026-01-08 19:01:20.597] [ 83464] [13894] Renderer[1][58624] OnChannelConnected - rgsc_ipc_1396c_channel_1 (remoteProcessId 80236)
[2026-01-08 19:01:28.353] [ 83464] [13894] Renderer[2][87628] IPC Channel Response: 87628 -> rgsc_ipc_1396c_channel_2
[2026-01-08 19:01:28.353] [ 83464] [13894] Renderer[2][87628] Connecting to IPC channel: rgsc_ipc_1396c_channel_2
[2026-01-08 19:01:28.493] [ 83464] [13894] Renderer[2][87628] OnChannelConnected - rgsc_ipc_1396c_channel_2 (remoteProcessId 80236)
[2026-01-08 19:01:30.381] [ 83464] [13894] Renderer[2][87628] IPC Channel Response: 87628 -> rgsc_ipc_1396c_channel_3
[2026-01-08 19:01:30.381] [ 83464] [13894] Renderer[2][87628] Connecting to IPC channel: rgsc_ipc_1396c_channel_3
[2026-01-08 19:01:30.382] [ 83464] [13894] Renderer[2][87628] IPC Channel Response: 87628 -> rgsc_ipc_1396c_channel_3
[2026-01-08 19:01:30.570] [ 83464] [13894] Renderer[2][87628] OnChannelConnected - rgsc_ipc_1396c_channel_3 (remoteProcessId 80236)
[2026-01-08 19:03:27.665] [ 83464] [13894] Renderer[3][78912] IPC Channel Response: 78912 -> rgsc_ipc_14314_channel_0
[2026-01-08 19:03:27.666] [ 83464] [13894] Renderer[3][78912] Connecting to IPC channel: rgsc_ipc_14314_channel_0
[2026-01-08 19:03:27.712] [ 83464] [13894] Renderer[3][78912] OnChannelConnected - rgsc_ipc_14314_channel_0 (remoteProcessId 82708)
[2026-01-08 20:19:20.520] [ 83464] [13894] OnChannelError() - rgsc_ipc_1396c_channel_0
[2026-01-08 20:19:20.520] [ 83464] [13894] Shutdown requested
[2026-01-08 20:19:25.535] [ 83464] [13894] Timed out waiting for windows to close on shutdown
[2026-01-08 20:19:25.551] [ 83464] [13894] MainMessageLoopInternalPump - Preparing to shutdown
[2026-01-08 20:19:28.682] [ 83464] [13894] MainMessageLoopInternalPump - Shutdown
[2026-01-21 00:18:13.862] [ 69244] [F604] ===================================
[2026-01-21 00:18:13.872] [ 69244] [F604] Browser process opened from pid: 88196
[2026-01-21 00:18:13.872] [ 69244] [F604] Language: en
[2026-01-21 00:18:13.873] [ 69244] [F604] Connecting to IPC channel: rgsc_ipc_15884_channel_0
[2026-01-21 00:18:13.874] [ 69244] [F604] Product version: RockstarGames/2.4.0.146/1.0.105.2733/launcher/Epic
[2026-01-21 00:18:14.006] [ 69244] [F604] OnChannelConnected - rgsc_ipc_15884_channel_0 (remoteProcessId 88196)
[2026-01-21 00:18:15.875] [ 69244] [F604] Renderer[1][87612] IPC Channel Response: 87612 -> rgsc_ipc_15884_channel_1
[2026-01-21 00:18:15.875] [ 69244] [F604] Renderer[1][87612] Connecting to IPC channel: rgsc_ipc_15884_channel_1
[2026-01-21 00:18:15.906] [ 69244] [F604] Renderer[1][87612] OnChannelConnected - rgsc_ipc_15884_channel_1 (remoteProcessId 88196)
[2026-01-21 00:18:18.327] [ 69244] [F604] Renderer[2][85148] IPC Channel Response: 85148 -> rgsc_ipc_15884_channel_2
[2026-01-21 00:18:18.328] [ 69244] [F604] Renderer[2][85148] Connecting to IPC channel: rgsc_ipc_15884_channel_2
[2026-01-21 00:18:18.360] [ 69244] [F604] Renderer[2][85148] OnChannelConnected - rgsc_ipc_15884_channel_2 (remoteProcessId 88196)
[2026-01-21 00:18:20.854] [ 69244] [F604] Renderer[2][85148] IPC Channel Response: 85148 -> rgsc_ipc_15884_channel_3
[2026-01-21 00:18:20.854] [ 69244] [F604] Renderer[2][85148] Connecting to IPC channel: rgsc_ipc_15884_channel_3
[2026-01-21 00:18:21.073] [ 69244] [F604] Renderer[2][85148] OnChannelConnected - rgsc_ipc_15884_channel_3 (remoteProcessId 88196)
[2026-01-21 00:19:52.957] [ 69244] [F604] Renderer[3][79892] IPC Channel Response: 79892 -> rgsc_ipc_133bc_channel_0
[2026-01-21 00:19:52.958] [ 69244] [F604] Renderer[3][79892] Connecting to IPC channel: rgsc_ipc_133bc_channel_0
[2026-01-21 00:19:52.988] [ 69244] [F604] Renderer[3][79892] OnChannelConnected - rgsc_ipc_133bc_channel_0 (remoteProcessId 78780)
[2026-01-21 00:47:44.963] [ 69244] [F604] OnChannelError() - rgsc_ipc_15884_channel_0
[2026-01-21 00:47:44.963] [ 69244] [F604] Shutdown requested
[2026-01-21 00:47:49.967] [ 69244] [F604] Timed out waiting for windows to close on shutdown
[2026-01-21 00:47:49.982] [ 69244] [F604] MainMessageLoopInternalPump - Preparing to shutdown
[2026-01-21 00:47:53.099] [ 69244] [F604] MainMessageLoopInternalPump - Shutdown
[2026-01-21 17:57:19.553] [ 86876] [14478] ===================================
[2026-01-21 17:57:19.561] [ 86876] [14478] Browser process opened from pid: 88772
[2026-01-21 17:57:19.561] [ 86876] [14478] Language: en
[2026-01-21 17:57:19.562] [ 86876] [14478] Connecting to IPC channel: rgsc_ipc_15ac4_channel_0
[2026-01-21 17:57:19.563] [ 86876] [14478] Product version: RockstarGames/2.4.0.146/1.0.105.2733/launcher/Epic
[2026-01-21 17:57:19.785] [ 86876] [14478] OnChannelConnected - rgsc_ipc_15ac4_channel_0 (remoteProcessId 88772)
[2026-01-21 17:57:21.532] [ 86876] [14478] Renderer[1][71992] IPC Channel Response: 71992 -> rgsc_ipc_15ac4_channel_1
[2026-01-21 17:57:21.532] [ 86876] [14478] Renderer[1][71992] Connecting to IPC channel: rgsc_ipc_15ac4_channel_1
[2026-01-21 17:57:21.705] [ 86876] [14478] Renderer[1][71992] OnChannelConnected - rgsc_ipc_15ac4_channel_1 (remoteProcessId 88772)
[2026-01-21 17:57:23.409] [ 86876] [14478] Renderer[2][91932] IPC Channel Response: 91932 -> rgsc_ipc_15ac4_channel_2
[2026-01-21 17:57:23.410] [ 86876] [14478] Renderer[2][91932] Connecting to IPC channel: rgsc_ipc_15ac4_channel_2
[2026-01-21 17:57:23.455] [ 86876] [14478] Renderer[2][91932] OnChannelConnected - rgsc_ipc_15ac4_channel_2 (remoteProcessId 88772)
[2026-01-21 17:57:25.063] [ 86876] [14478] Renderer[2][91932] IPC Channel Response: 91932 -> rgsc_ipc_15ac4_channel_3
[2026-01-21 17:57:25.063] [ 86876] [14478] Renderer[2][91932] Connecting to IPC channel: rgsc_ipc_15ac4_channel_3
[2026-01-21 17:57:25.063] [ 86876] [14478] Renderer[2][91932] IPC Channel Response: 91932 -> rgsc_ipc_15ac4_channel_3
[2026-01-21 17:57:25.091] [ 86876] [14478] Renderer[2][91932] OnChannelConnected - rgsc_ipc_15ac4_channel_3 (remoteProcessId 88772)
[2026-01-21 17:58:50.892] [ 86876] [14478] Renderer[3][89276] IPC Channel Response: 89276 -> rgsc_ipc_13848_channel_0
[2026-01-21 17:58:50.893] [ 86876] [14478] Renderer[3][89276] Connecting to IPC channel: rgsc_ipc_13848_channel_0
[2026-01-21 17:58:50.923] [ 86876] [14478] Renderer[3][89276] OnChannelConnected - rgsc_ipc_13848_channel_0 (remoteProcessId 79944)
[2026-01-21 18:43:36.178] [ 86876] [14478] OnChannelError() - rgsc_ipc_15ac4_channel_0
[2026-01-21 18:43:36.178] [ 86876] [14478] Shutdown requested
[2026-01-21 18:43:41.180] [ 86876] [14478] Timed out waiting for windows to close on shutdown
[2026-01-21 18:43:41.197] [ 86876] [14478] MainMessageLoopInternalPump - Preparing to shutdown
[2026-01-21 18:43:44.336] [ 86876] [14478] MainMessageLoopInternalPump - Shutdown
[2026-01-22 18:12:31.007] [  4400] [4B80] ===================================
[2026-01-22 18:12:31.018] [  4400] [4B80] Browser process opened from pid: 1664
[2026-01-22 18:12:31.018] [  4400] [4B80] Language: en
[2026-01-22 18:12:31.018] [  4400] [4B80] Connecting to IPC channel: rgsc_ipc_680_channel_0
[2026-01-22 18:12:31.019] [  4400] [4B80] Product version: RockstarGames/2.4.0.146/1.0.105.2733/launcher/Epic
[2026-01-22 18:12:31.123] [  4400] [4B80] OnChannelConnected - rgsc_ipc_680_channel_0 (remoteProcessId 1664)
[2026-01-22 18:12:33.107] [  4400] [4B80] Renderer[1][19256] IPC Channel Response: 19256 -> rgsc_ipc_680_channel_1
[2026-01-22 18:12:33.108] [  4400] [4B80] Renderer[1][19256] Connecting to IPC channel: rgsc_ipc_680_channel_1
[2026-01-22 18:12:33.267] [  4400] [4B80] Renderer[1][19256] OnChannelConnected - rgsc_ipc_680_channel_1 (remoteProcessId 1664)
[2026-01-22 18:12:35.032] [  4400] [4B80] Renderer[2][21048] IPC Channel Response: 21048 -> rgsc_ipc_680_channel_2
[2026-01-22 18:12:35.032] [  4400] [4B80] Renderer[2][21048] Connecting to IPC channel: rgsc_ipc_680_channel_2
[2026-01-22 18:12:35.769] [  4400] [4B80] Renderer[2][21048] OnChannelConnected - rgsc_ipc_680_channel_2 (remoteProcessId 1664)
[2026-01-22 18:12:36.715] [  4400] [4B80] Renderer[2][21048] IPC Channel Response: 21048 -> rgsc_ipc_680_channel_3
[2026-01-22 18:12:36.716] [  4400] [4B80] Renderer[2][21048] Connecting to IPC channel: rgsc_ipc_680_channel_3
[2026-01-22 18:12:36.738] [  4400] [4B80] Renderer[2][21048] IPC Channel Response: 21048 -> rgsc_ipc_680_channel_3
[2026-01-22 18:12:36.754] [  4400] [4B80] Renderer[2][21048] OnChannelConnected - rgsc_ipc_680_channel_3 (remoteProcessId 1664)
[2026-01-22 18:13:55.630] [  4400] [4B80] Renderer[3][19400] IPC Channel Response: 19400 -> rgsc_ipc_5078_channel_0
[2026-01-22 18:13:55.630] [  4400] [4B80] Renderer[3][19400] Connecting to IPC channel: rgsc_ipc_5078_channel_0
[2026-01-22 18:13:55.691] [  4400] [4B80] Renderer[3][19400] OnChannelConnected - rgsc_ipc_5078_channel_0 (remoteProcessId 20600)
[2026-01-22 19:10:05.073] [  4400] [4B80] OnChannelError() - rgsc_ipc_680_channel_0
[2026-01-22 19:10:05.086] [  4400] [4B80] Shutdown requested
[2026-01-22 19:10:10.088] [  4400] [4B80] Timed out waiting for windows to close on shutdown
[2026-01-22 19:10:10.104] [  4400] [4B80] MainMessageLoopInternalPump - Preparing to shutdown
[2026-01-22 19:10:13.279] [  4400] [4B80] MainMessageLoopInternalPump - Shutdown
[2026-01-24 16:52:00.183] [  1096] [3268] ===================================
[2026-01-24 16:52:00.193] [  1096] [3268] Browser process opened from pid: 11116
[2026-01-24 16:52:00.193] [  1096] [3268] Language: en
[2026-01-24 16:52:00.194] [  1096] [3268] Connecting to IPC channel: rgsc_ipc_2b6c_channel_0
[2026-01-24 16:52:00.195] [  1096] [3268] Product version: RockstarGames/2.4.0.146/1.0.105.2733/launcher/Epic
[2026-01-24 16:52:00.450] [  1096] [3268] OnChannelConnected - rgsc_ipc_2b6c_channel_0 (remoteProcessId 11116)
[2026-01-24 16:52:02.346] [  1096] [3268] Renderer[1][15952] IPC Channel Response: 15952 -> rgsc_ipc_2b6c_channel_1
[2026-01-24 16:52:02.346] [  1096] [3268] Renderer[1][15952] Connecting to IPC channel: rgsc_ipc_2b6c_channel_1
[2026-01-24 16:52:02.518] [  1096] [3268] Renderer[1][15952] OnChannelConnected - rgsc_ipc_2b6c_channel_1 (remoteProcessId 11116)
[2026-01-24 16:52:11.142] [  1096] [3268] Renderer[2][3284] IPC Channel Response: 3284 -> rgsc_ipc_2b6c_channel_2
[2026-01-24 16:52:11.143] [  1096] [3268] Renderer[2][3284] Connecting to IPC channel: rgsc_ipc_2b6c_channel_2
[2026-01-24 16:52:11.309] [  1096] [3268] Renderer[2][3284] OnChannelConnected - rgsc_ipc_2b6c_channel_2 (remoteProcessId 11116)
[2026-01-24 16:52:13.166] [  1096] [3268] Renderer[2][3284] IPC Channel Response: 3284 -> rgsc_ipc_2b6c_channel_3
[2026-01-24 16:52:13.167] [  1096] [3268] Renderer[2][3284] Connecting to IPC channel: rgsc_ipc_2b6c_channel_3
[2026-01-24 16:52:13.359] [  1096] [3268] Renderer[2][3284] OnChannelConnected - rgsc_ipc_2b6c_channel_3 (remoteProcessId 11116)
[2026-01-24 16:54:10.233] [  1096] [3268] Renderer[3][21924] IPC Channel Response: 21924 -> rgsc_ipc_19fc_channel_0
[2026-01-24 16:54:10.233] [  1096] [3268] Renderer[3][21924] Connecting to IPC channel: rgsc_ipc_19fc_channel_0
[2026-01-24 16:54:10.311] [  1096] [3268] Renderer[3][21924] OnChannelConnected - rgsc_ipc_19fc_channel_0 (remoteProcessId 6652)
[2026-01-24 17:01:28.687] [ 11880] [1F48] ===================================
[2026-01-24 17:01:28.697] [ 11880] [1F48] Browser process opened from pid: 10068
[2026-01-24 17:01:28.697] [ 11880] [1F48] Language: en
[2026-01-24 17:01:28.697] [ 11880] [1F48] Connecting to IPC channel: rgsc_ipc_2754_channel_0
[2026-01-24 17:01:28.698] [ 11880] [1F48] Product version: RockstarGames/2.4.0.146/1.0.105.2733/launcher/Epic
[2026-01-24 17:01:28.805] [ 11880] [1F48] OnChannelConnected - rgsc_ipc_2754_channel_0 (remoteProcessId 10068)
[2026-01-24 17:01:34.046] [ 11880] [1F48] Renderer[1][18500] IPC Channel Response: 18500 -> rgsc_ipc_2754_channel_1
[2026-01-24 17:01:34.046] [ 11880] [1F48] Renderer[1][18500] Connecting to IPC channel: rgsc_ipc_2754_channel_1
[2026-01-24 17:01:34.231] [ 11880] [1F48] Renderer[1][18500] OnChannelConnected - rgsc_ipc_2754_channel_1 (remoteProcessId 10068)
[2026-01-24 17:01:35.940] [ 11880] [1F48] Renderer[2][1508] IPC Channel Response: 1508 -> rgsc_ipc_2754_channel_2
[2026-01-24 17:01:35.941] [ 11880] [1F48] Renderer[2][1508] Connecting to IPC channel: rgsc_ipc_2754_channel_2
[2026-01-24 17:01:35.941] [ 11880] [1F48] Renderer[2][1508] OnChannelConnected - rgsc_ipc_2754_channel_2 (remoteProcessId 10068)
[2026-01-24 17:01:37.654] [ 11880] [1F48] Renderer[2][1508] IPC Channel Response: 1508 -> rgsc_ipc_2754_channel_3
[2026-01-24 17:01:37.655] [ 11880] [1F48] Renderer[2][1508] Connecting to IPC channel: rgsc_ipc_2754_channel_3
[2026-01-24 17:01:37.692] [ 11880] [1F48] Renderer[2][1508] OnChannelConnected - rgsc_ipc_2754_channel_3 (remoteProcessId 10068)
[2026-01-24 17:02:59.252] [ 11880] [1F48] Renderer[3][23740] IPC Channel Response: 23740 -> rgsc_ipc_3cf0_channel_0
[2026-01-24 17:02:59.253] [ 11880] [1F48] Renderer[3][23740] Connecting to IPC channel: rgsc_ipc_3cf0_channel_0
[2026-01-24 17:02:59.285] [ 11880] [1F48] Renderer[3][23740] OnChannelConnected - rgsc_ipc_3cf0_channel_0 (remoteProcessId 15600)
[2026-01-24 18:13:48.053] [ 11880] [1F48] Renderer[3][23740] OnChannelError() - rgsc_ipc_3cf0_channel_0
[2026-01-24 18:13:55.282] [ 11880] [1F48] OnChannelError() - rgsc_ipc_2754_channel_0
[2026-01-24 18:13:55.282] [ 11880] [1F48] Shutdown requested
[2026-01-24 18:14:00.286] [ 11880] [1F48] Timed out waiting for windows to close on shutdown
[2026-01-24 18:14:00.301] [ 11880] [1F48] MainMessageLoopInternalPump - Preparing to shutdown
[2026-01-25 18:50:57.053] [ 19808] [2AD8] ===================================
[2026-01-25 18:50:57.063] [ 19808] [2AD8] Browser process opened from pid: 12344
[2026-01-25 18:50:57.064] [ 19808] [2AD8] Language: en
[2026-01-25 18:50:57.064] [ 19808] [2AD8] Connecting to IPC channel: rgsc_ipc_3038_channel_0
[2026-01-25 18:50:57.065] [ 19808] [2AD8] Product version: RockstarGames/2.4.0.146/1.0.105.2733/launcher/Epic
[2026-01-25 18:50:57.298] [ 19808] [2AD8] OnChannelConnected - rgsc_ipc_3038_channel_0 (remoteProcessId 12344)
[2026-01-25 18:50:59.206] [ 19808] [2AD8] Renderer[1][20628] IPC Channel Response: 20628 -> rgsc_ipc_3038_channel_1
[2026-01-25 18:50:59.206] [ 19808] [2AD8] Renderer[1][20628] Connecting to IPC channel: rgsc_ipc_3038_channel_1
[2026-01-25 18:50:59.396] [ 19808] [2AD8] Renderer[1][20628] OnChannelConnected - rgsc_ipc_3038_channel_1 (remoteProcessId 12344)
[2026-01-25 18:51:02.395] [ 19808] [2AD8] Renderer[2][17412] IPC Channel Response: 17412 -> rgsc_ipc_3038_channel_2
[2026-01-25 18:51:02.396] [ 19808] [2AD8] Renderer[2][17412] Connecting to IPC channel: rgsc_ipc_3038_channel_2
[2026-01-25 18:51:02.396] [ 19808] [2AD8] Renderer[2][17412] OnChannelConnected - rgsc_ipc_3038_channel_2 (remoteProcessId 12344)
[2026-01-25 18:51:04.989] [ 19808] [2AD8] Renderer[2][17412] IPC Channel Response: 17412 -> rgsc_ipc_3038_channel_3
[2026-01-25 18:51:04.991] [ 19808] [2AD8] Renderer[2][17412] Connecting to IPC channel: rgsc_ipc_3038_channel_3
[2026-01-25 18:51:05.792] [ 19808] [2AD8] Renderer[2][17412] OnChannelConnected - rgsc_ipc_3038_channel_3 (remoteProcessId 12344)
[2026-01-25 18:52:35.478] [ 19808] [2AD8] Renderer[3][20240] IPC Channel Response: 20240 -> rgsc_ipc_57b4_channel_0
[2026-01-25 18:52:35.479] [ 19808] [2AD8] Renderer[3][20240] Connecting to IPC channel: rgsc_ipc_57b4_channel_0
[2026-01-25 18:52:35.525] [ 19808] [2AD8] Renderer[3][20240] OnChannelConnected - rgsc_ipc_57b4_channel_0 (remoteProcessId 22452)
[2026-01-25 20:38:05.062] [ 19808] [2AD8] OnChannelError() - rgsc_ipc_3038_channel_0
[2026-01-25 20:38:05.077] [ 19808] [2AD8] Shutdown requested
[2026-01-25 20:38:10.078] [ 19808] [2AD8] Timed out waiting for windows to close on shutdown
[2026-01-25 20:38:10.094] [ 19808] [2AD8] MainMessageLoopInternalPump - Preparing to shutdown
[2026-01-25 20:38:13.270] [ 19808] [2AD8] MainMessageLoopInternalPump - Shutdown
[2026-01-28 14:20:17.167] [ 24188] [ 81C] ===================================
[2026-01-28 14:20:17.176] [ 24188] [ 81C] Browser process opened from pid: 23624
[2026-01-28 14:20:17.176] [ 24188] [ 81C] Language: en
[2026-01-28 14:20:17.176] [ 24188] [ 81C] Connecting to IPC channel: rgsc_ipc_5c48_channel_0
[2026-01-28 14:20:17.178] [ 24188] [ 81C] Product version: RockstarGames/2.4.0.146/1.0.105.2733/launcher/Epic
[2026-01-28 14:20:17.272] [ 24188] [ 81C] OnChannelConnected - rgsc_ipc_5c48_channel_0 (remoteProcessId 23624)
[2026-01-28 14:20:19.604] [ 24188] [ 81C] Renderer[1][14548] IPC Channel Response: 14548 -> rgsc_ipc_5c48_channel_1
[2026-01-28 14:20:19.604] [ 24188] [ 81C] Renderer[1][14548] Connecting to IPC channel: rgsc_ipc_5c48_channel_1
[2026-01-28 14:20:19.650] [ 24188] [ 81C] Renderer[1][14548] OnChannelConnected - rgsc_ipc_5c48_channel_1 (remoteProcessId 23624)
[2026-01-28 14:20:22.435] [ 24188] [ 81C] Renderer[2][21468] IPC Channel Response: 21468 -> rgsc_ipc_5c48_channel_2
[2026-01-28 14:20:22.436] [ 24188] [ 81C] Renderer[2][21468] Connecting to IPC channel: rgsc_ipc_5c48_channel_2
[2026-01-28 14:20:23.156] [ 24188] [ 81C] Renderer[2][21468] OnChannelConnected - rgsc_ipc_5c48_channel_2 (remoteProcessId 23624)
[2026-01-28 14:20:24.112] [ 24188] [ 81C] Renderer[2][21468] IPC Channel Response: 21468 -> rgsc_ipc_5c48_channel_3
[2026-01-28 14:20:24.112] [ 24188] [ 81C] Renderer[2][21468] Connecting to IPC channel: rgsc_ipc_5c48_channel_3
[2026-01-28 14:20:24.150] [ 24188] [ 81C] Renderer[2][21468] OnChannelConnected - rgsc_ipc_5c48_channel_3 (remoteProcessId 23624)
[2026-01-28 14:20:37.145] [ 24188] [ 81C] OnChannelError() - rgsc_ipc_5c48_channel_0
[2026-01-28 14:20:37.145] [ 24188] [ 81C] Shutdown requested
[2026-01-28 14:20:42.150] [ 24188] [ 81C] Timed out waiting for windows to close on shutdown
[2026-01-28 14:20:42.165] [ 24188] [ 81C] MainMessageLoopInternalPump - Preparing to shutdown
[2026-02-08 21:30:27.992] [ 32112] [7748] ===================================
[2026-02-08 21:30:28.018] [ 32112] [7748] Browser process opened from pid: 34320
[2026-02-08 21:30:28.018] [ 32112] [7748] Language: en
[2026-02-08 21:30:28.019] [ 32112] [7748] Connecting to IPC channel: rgsc_ipc_8610_channel_0
[2026-02-08 21:30:28.020] [ 32112] [7748] Product version: RockstarGames/2.4.0.146/1.0.105.2733/launcher/Epic
[2026-02-08 21:30:28.377] [ 32112] [7748] OnChannelConnected - rgsc_ipc_8610_channel_0 (remoteProcessId 34320)
[2026-02-08 21:30:31.520] [ 32112] [7748] Renderer[1][40152] IPC Channel Response: 40152 -> rgsc_ipc_8610_channel_1
[2026-02-08 21:30:31.521] [ 32112] [7748] Renderer[1][40152] Connecting to IPC channel: rgsc_ipc_8610_channel_1
[2026-02-08 21:30:31.569] [ 32112] [7748] Renderer[1][40152] OnChannelConnected - rgsc_ipc_8610_channel_1 (remoteProcessId 34320)
[2026-02-08 21:30:36.137] [ 32112] [7748] Renderer[2][9324] IPC Channel Response: 9324 -> rgsc_ipc_8610_channel_2
[2026-02-08 21:30:36.139] [ 32112] [7748] Renderer[2][9324] Connecting to IPC channel: rgsc_ipc_8610_channel_2
[2026-02-08 21:30:36.234] [ 32112] [7748] Renderer[2][9324] OnChannelConnected - rgsc_ipc_8610_channel_2 (remoteProcessId 34320)
[2026-02-08 21:30:40.534] [ 32112] [7748] Renderer[2][9324] IPC Channel Response: 9324 -> rgsc_ipc_8610_channel_3
[2026-02-08 21:30:40.557] [ 32112] [7748] Renderer[2][9324] Connecting to IPC channel: rgsc_ipc_8610_channel_3
[2026-02-08 21:30:41.278] [ 32112] [7748] Renderer[2][9324] OnChannelConnected - rgsc_ipc_8610_channel_3 (remoteProcessId 34320)
[2026-02-08 21:32:53.065] [ 32112] [7748] Renderer[3][1904] IPC Channel Response: 1904 -> rgsc_ipc_73e0_channel_0
[2026-02-08 21:32:53.066] [ 32112] [7748] Renderer[3][1904] Connecting to IPC channel: rgsc_ipc_73e0_channel_0
[2026-02-08 21:32:53.077] [ 32112] [7748] Renderer[3][1904] OnChannelConnected - rgsc_ipc_73e0_channel_0 (remoteProcessId 29664)
[2026-02-08 21:34:19.255] [ 32112] [7748] OnChannelError() - rgsc_ipc_8610_channel_0
[2026-02-08 21:34:19.255] [ 32112] [7748] Shutdown requested
[2026-02-08 21:34:24.258] [ 32112] [7748] Timed out waiting for windows to close on shutdown
[2026-02-08 21:34:24.274] [ 32112] [7748] MainMessageLoopInternalPump - Preparing to shutdown
[2026-02-08 21:34:27.409] [ 32112] [7748] MainMessageLoopInternalPump - Shutdown
[2026-02-11 15:00:02.061] [  8736] [51F4] ===================================
[2026-02-11 15:00:02.078] [  8736] [51F4] Browser process opened from pid: 31312
[2026-02-11 15:00:02.078] [  8736] [51F4] Language: en
[2026-02-11 15:00:02.079] [  8736] [51F4] Connecting to IPC channel: rgsc_ipc_7a50_channel_0
[2026-02-11 15:00:02.081] [  8736] [51F4] Product version: RockstarGames/2.4.0.146/1.0.105.2733/launcher/Epic
[2026-02-11 15:00:02.282] [  8736] [51F4] OnChannelConnected - rgsc_ipc_7a50_channel_0 (remoteProcessId 31312)
[2026-02-11 15:00:07.323] [  8736] [51F4] Renderer[1][31508] IPC Channel Response: 31508 -> rgsc_ipc_7a50_channel_1
[2026-02-11 15:00:07.324] [  8736] [51F4] Renderer[1][31508] Connecting to IPC channel: rgsc_ipc_7a50_channel_1
[2026-02-11 15:00:07.391] [  8736] [51F4] Renderer[1][31508] OnChannelConnected - rgsc_ipc_7a50_channel_1 (remoteProcessId 31312)
[2026-02-11 15:00:07.457] [  8736] [51F4] Renderer[1][31508] IPC Channel Response: 31508 -> rgsc_ipc_7a50_channel_2
[2026-02-11 15:00:07.458] [  8736] [51F4] Renderer[1][31508] Connecting to IPC channel: rgsc_ipc_7a50_channel_2
[2026-02-11 15:00:07.516] [  8736] [51F4] Renderer[1][31508] OnChannelConnected - rgsc_ipc_7a50_channel_2 (remoteProcessId 31312)
[2026-02-11 15:00:07.613] [  8736] [51F4] Renderer[1][23556] IPC Channel Response: 23556 -> rgsc_ipc_7a50_channel_3
[2026-02-11 15:00:07.615] [  8736] [51F4] Renderer[1][23556] Connecting to IPC channel: rgsc_ipc_7a50_channel_3
[2026-02-11 15:00:08.628] [  8736] [51F4] Renderer[2][7160] IPC Channel Response: 7160 -> rgsc_ipc_7a50_channel_4
[2026-02-11 15:00:08.630] [  8736] [51F4] Renderer[2][7160] Connecting to IPC channel: rgsc_ipc_7a50_channel_4
[2026-02-11 15:00:08.729] [  8736] [51F4] Renderer[2][7160] OnChannelConnected - rgsc_ipc_7a50_channel_4 (remoteProcessId 31312)
[2026-02-11 15:00:09.059] [  8736] [51F4] Renderer[2][7160] IPC Channel Response: 7160 -> rgsc_ipc_7a50_channel_5
[2026-02-11 15:00:09.059] [  8736] [51F4] Renderer[2][7160] Connecting to IPC channel: rgsc_ipc_7a50_channel_5
[2026-02-11 15:00:09.161] [  8736] [51F4] Renderer[2][7160] OnChannelConnected - rgsc_ipc_7a50_channel_5 (remoteProcessId 31312)
[2026-02-11 15:00:09.210] [  8736] [51F4] Renderer[2][26652] IPC Channel Response: 26652 -> rgsc_ipc_7a50_channel_6
[2026-02-11 15:00:09.211] [  8736] [51F4] Renderer[2][26652] Connecting to IPC channel: rgsc_ipc_7a50_channel_6
[2026-02-11 15:00:09.946] [  8736] [51F4] Renderer[2][26652] OnChannelConnected - rgsc_ipc_7a50_channel_6 (remoteProcessId 31312)
[2026-02-11 15:00:27.666] [  8736] [51F4] OnChannelError() - rgsc_ipc_7a50_channel_0
[2026-02-11 15:00:27.666] [  8736] [51F4] Shutdown requested
[2026-02-11 15:00:32.671] [  8736] [51F4] Timed out waiting for windows to close on shutdown
[2026-02-11 15:00:32.687] [  8736] [51F4] MainMessageLoopInternalPump - Preparing to shutdown
[2026-02-11 15:00:35.804] [  8736] [51F4] MainMessageLoopInternalPump - Shutdown
[2026-02-11 15:19:06.776] [ 20172] [7268] ===================================
[2026-02-11 15:19:06.776] [ 20172] [7268] Browser process opened from pid: 13492
[2026-02-11 15:19:06.777] [ 20172] [7268] Language: en
[2026-02-11 15:19:06.777] [ 20172] [7268] Connecting to IPC channel: rgsc_ipc_34b4_channel_0
[2026-02-11 15:19:06.778] [ 20172] [7268] Product version: RockstarGames/2.4.0.146/1.0.105.2733/launcher/Epic
[2026-02-11 15:19:06.866] [ 20172] [7268] OnChannelConnected - rgsc_ipc_34b4_channel_0 (remoteProcessId 13492)
[2026-02-11 15:19:07.172] [ 20172] [7268] Renderer[1][27756] IPC Channel Response: 27756 -> rgsc_ipc_34b4_channel_1
[2026-02-11 15:19:07.173] [ 20172] [7268] Renderer[1][27756] Connecting to IPC channel: rgsc_ipc_34b4_channel_1
[2026-02-11 15:19:07.936] [ 20172] [7268] Renderer[1][27756] OnChannelConnected - rgsc_ipc_34b4_channel_1 (remoteProcessId 13492)
[2026-02-11 15:19:28.181] [ 20172] [7268] OnChannelError() - rgsc_ipc_34b4_channel_0
[2026-02-11 15:19:28.181] [ 20172] [7268] Shutdown requested
[2026-02-11 15:19:33.183] [ 20172] [7268] Timed out waiting for windows to close on shutdown
[2026-02-11 15:19:33.198] [ 20172] [7268] MainMessageLoopInternalPump - Preparing to shutdown
[2026-02-11 15:19:36.301] [ 20172] [7268] MainMessageLoopInternalPump - Shutdown
[2026-02-11 15:22:48.109] [ 22540] [8A78] ===================================
[2026-02-11 15:22:48.109] [ 22540] [8A78] Browser process opened from pid: 34144
[2026-02-11 15:22:48.110] [ 22540] [8A78] Language: en
[2026-02-11 15:22:48.110] [ 22540] [8A78] Connecting to IPC channel: rgsc_ipc_8560_channel_0
[2026-02-11 15:22:48.111] [ 22540] [8A78] Product version: RockstarGames/2.4.0.146/1.0.105.2733/launcher/Epic
[2026-02-11 15:22:48.183] [ 22540] [8A78] OnChannelConnected - rgsc_ipc_8560_channel_0 (remoteProcessId 34144)
[2026-02-11 15:22:50.899] [ 22540] [8A78] Renderer[1][19028] IPC Channel Response: 19028 -> rgsc_ipc_8560_channel_1
[2026-02-11 15:22:50.900] [ 22540] [8A78] Renderer[1][19028] Connecting to IPC channel: rgsc_ipc_8560_channel_1
[2026-02-11 15:22:50.992] [ 22540] [8A78] Renderer[1][19028] OnChannelConnected - rgsc_ipc_8560_channel_1 (remoteProcessId 34144)
[2026-02-11 15:22:55.562] [ 22540] [8A78] Renderer[2][35412] IPC Channel Response: 35412 -> rgsc_ipc_8560_channel_2
[2026-02-11 15:22:55.562] [ 22540] [8A78] Renderer[2][35412] Connecting to IPC channel: rgsc_ipc_8560_channel_2
[2026-02-11 15:22:55.616] [ 22540] [8A78] Renderer[2][35412] OnChannelConnected - rgsc_ipc_8560_channel_2 (remoteProcessId 34144)
[2026-02-11 15:22:58.647] [ 22540] [8A78] Renderer[2][35412] IPC Channel Response: 35412 -> rgsc_ipc_8560_channel_3
[2026-02-11 15:22:58.648] [ 22540] [8A78] Renderer[2][35412] Connecting to IPC channel: rgsc_ipc_8560_channel_3
[2026-02-11 15:22:58.873] [ 22540] [8A78] Renderer[2][35412] OnChannelConnected - rgsc_ipc_8560_channel_3 (remoteProcessId 34144)
[2026-02-11 15:24:35.272] [ 22540] [8A78] Renderer[3][30596] IPC Channel Response: 30596 -> rgsc_ipc_8ab8_channel_0
[2026-02-11 15:24:35.272] [ 22540] [8A78] Renderer[3][30596] Connecting to IPC channel: rgsc_ipc_8ab8_channel_0
[2026-02-11 15:24:35.349] [ 22540] [8A78] Renderer[3][30596] OnChannelConnected - rgsc_ipc_8ab8_channel_0 (remoteProcessId 35512)
[2026-02-11 15:33:15.470] [ 22540] [8A78] OnChannelError() - rgsc_ipc_8560_channel_0
[2026-02-11 15:33:15.472] [ 22540] [8A78] Shutdown requested
[2026-02-11 15:33:20.484] [ 22540] [8A78] Timed out waiting for windows to close on shutdown
[2026-02-11 15:33:20.500] [ 22540] [8A78] MainMessageLoopInternalPump - Preparing to shutdown
[2026-02-11 15:33:23.613] [ 22540] [8A78] MainMessageLoopInternalPump - Shutdown
[2026-02-13 23:36:20.753] [  9156] [21F4] ===================================
[2026-02-13 23:36:20.753] [  9156] [21F4] Browser process opened from pid: 34288
[2026-02-13 23:36:20.754] [  9156] [21F4] Language: en
[2026-02-13 23:36:20.754] [  9156] [21F4] Connecting to IPC channel: rgsc_ipc_85f0_channel_0
[2026-02-13 23:36:20.755] [  9156] [21F4] Product version: RockstarGames/2.4.0.146/1.0.105.2733/launcher/Epic
[2026-02-13 23:36:20.821] [  9156] [21F4] OnChannelConnected - rgsc_ipc_85f0_channel_0 (remoteProcessId 34288)
[2026-02-13 23:36:23.078] [  9156] [21F4] Renderer[1][33588] IPC Channel Response: 33588 -> rgsc_ipc_85f0_channel_1
[2026-02-13 23:36:23.079] [  9156] [21F4] Renderer[1][33588] Connecting to IPC channel: rgsc_ipc_85f0_channel_1
[2026-02-13 23:36:23.253] [  9156] [21F4] Renderer[1][33588] OnChannelConnected - rgsc_ipc_85f0_channel_1 (remoteProcessId 34288)
[2026-02-13 23:36:25.275] [  9156] [21F4] Renderer[2][30136] IPC Channel Response: 30136 -> rgsc_ipc_85f0_channel_2
[2026-02-13 23:36:25.276] [  9156] [21F4] Renderer[2][30136] Connecting to IPC channel: rgsc_ipc_85f0_channel_2
[2026-02-13 23:36:25.315] [  9156] [21F4] Renderer[2][30136] OnChannelConnected - rgsc_ipc_85f0_channel_2 (remoteProcessId 34288)
[2026-02-13 23:36:29.959] [  9156] [21F4] Renderer[2][30136] IPC Channel Response: 30136 -> rgsc_ipc_85f0_channel_3
[2026-02-13 23:36:29.960] [  9156] [21F4] Renderer[2][30136] Connecting to IPC channel: rgsc_ipc_85f0_channel_3
[2026-02-13 23:36:29.979] [  9156] [21F4] Renderer[2][30136] OnChannelConnected - rgsc_ipc_85f0_channel_3 (remoteProcessId 34288)
[2026-02-13 23:38:01.466] [  9156] [21F4] Renderer[3][35004] IPC Channel Response: 35004 -> rgsc_ipc_4828_channel_0
[2026-02-13 23:38:01.468] [  9156] [21F4] Renderer[3][35004] Connecting to IPC channel: rgsc_ipc_4828_channel_0
[2026-02-13 23:38:01.482] [  9156] [21F4] Renderer[3][35004] OnChannelConnected - rgsc_ipc_4828_channel_0 (remoteProcessId 18472)
[2026-02-14 01:31:06.851] [  9156] [21F4] OnChannelError() - rgsc_ipc_85f0_channel_0
[2026-02-14 01:31:06.866] [  9156] [21F4] Shutdown requested
[2026-02-14 01:31:11.872] [  9156] [21F4] Timed out waiting for windows to close on shutdown
[2026-02-14 01:31:11.888] [  9156] [21F4] MainMessageLoopInternalPump - Preparing to shutdown
[2026-02-14 01:31:15.140] [  9156] [21F4] MainMessageLoopInternalPump - Shutdown
