[2026-01-24 17:01:25.244] [DISPLAY] [Main ] [fileutils] Checking version: C:\Program Files\Rockstar Games\Launcher\Launcher.exe
[2026-01-24 17:01:25.298] [DISPLAY] [Main ] [dx12] Retrieving D3D12 graphics info
[2026-01-24 17:01:25.951] [DISPLAY] [Main ] [launcher] Opening log file.
[2026-01-24 17:01:25.957] [DISPLAY] [Main ] [startupinfo] Command line: "C:\Program Files\Rockstar Games\Launcher\Launcher.exe" -skipPatcherCheck -epicAppId=gta5_gen9  -AUTH_LOGIN=unused -AUTH_PASSWORD=216ab8f49cc7400fa65a0e648506662f -AUTH_TYPE=exchangecode -epicapp=8769e24080ea413b8ebca3f1b8c50951 -epicenv=Prod -EpicPortal -epicusername="inimitable_499" -epicuserid=3e9d95babb60483998fa20941396964d -epiclocale=en -epicsandboxid=b0cd075465c44f87be3b505ac04a2e46 -rlrosdomainenv=prod @args.txt
[2026-01-24 17:01:25.957] [DISPLAY] [Main ] [startupinfo] P4 Version: 
[2026-01-24 17:01:25.957] [DISPLAY] [Main ] [startupinfo] RGL Branch: release_05
[2026-01-24 17:01:25.957] [DISPLAY] [Main ] [startupinfo] Version:    1.0.105.2733
[2026-01-24 17:01:25.957] [DISPLAY] [Main ] [startupinfo] Session ID: af999801-5ffd-11b5-8c53-88d86eddc978
[2026-01-24 17:01:25.957] [DISPLAY] [Main ] [startupinfo] Name Hash:  DCCF306D
[2026-01-24 17:01:25.957] [DISPLAY] [Main ] [startupinfo] Parameters:
[2026-01-24 17:01:25.957] [DISPLAY] [Main ] [startupinfo]     C:\Program Files\Rockstar Games\Launcher\Launcher.exe
[2026-01-24 17:01:25.957] [DISPLAY] [Main ] [startupinfo]     -skipPatcherCheck
[2026-01-24 17:01:25.957] [DISPLAY] [Main ] [startupinfo]     -epicAppId=gta5_gen9
[2026-01-24 17:01:25.957] [DISPLAY] [Main ] [startupinfo]     -AUTH_LOGIN=unused
[2026-01-24 17:01:25.957] [DISPLAY] [Main ] [startupinfo]     -AUTH_PASSWORD=216ab8f49cc7400fa65a0e648506662f
[2026-01-24 17:01:25.957] [DISPLAY] [Main ] [startupinfo]     -AUTH_TYPE=exchangecode
[2026-01-24 17:01:25.957] [DISPLAY] [Main ] [startupinfo]     -epicapp=8769e24080ea413b8ebca3f1b8c50951
[2026-01-24 17:01:25.957] [DISPLAY] [Main ] [startupinfo]     -epicenv=Prod
[2026-01-24 17:01:25.957] [DISPLAY] [Main ] [startupinfo]     -EpicPortal
[2026-01-24 17:01:25.957] [DISPLAY] [Main ] [startupinfo]     -epicusername=inimitable_499
[2026-01-24 17:01:25.957] [DISPLAY] [Main ] [startupinfo]     -epicuserid=3e9d95babb60483998fa20941396964d
[2026-01-24 17:01:25.957] [DISPLAY] [Main ] [startupinfo]     -epiclocale=en
[2026-01-24 17:01:25.957] [DISPLAY] [Main ] [startupinfo]     -epicsandboxid=b0cd075465c44f87be3b505ac04a2e46
[2026-01-24 17:01:25.957] [DISPLAY] [Main ] [startupinfo]     -rlrosdomainenv=prod
[2026-01-24 17:01:25.957] [DISPLAY] [Main ] [startupinfo]     @args.txt
[2026-01-24 17:01:25.958] [DISPLAY] [Main ] [startup] Initial Working Directory: C:\Program Files\Epic Games\GTAVEnhanced
[2026-01-24 17:01:25.958] [DISPLAY] [Main ] [startup] Working directory: C:\Program Files\Rockstar Games\Launcher
[2026-01-24 17:01:25.967] [DISPLAY] [Main ] [packfile] Initialize 'Launcher.rpf' - succeeded
[2026-01-24 17:01:25.967] [DISPLAY] [Main ] [localisation] Language updated to: 0
[2026-01-24 17:01:26.014] [DISPLAY] [Main ] [external] Creating epic min mode launch
[2026-01-24 17:01:26.014] [DISPLAY] [Main ] [external] Epic App Id: gta5_gen9
[2026-01-24 17:01:26.014] [DISPLAY] [Main ] [external] Epic Location: C:\Program Files\Epic Games\GTAVEnhanced
[2026-01-24 17:01:26.014] [DISPLAY] [Main ] [external] Epic Relaunch: false
[2026-01-24 17:01:26.024] [DISPLAY] [Main ] [external] Running from Epic Games Launcher.
[2026-01-24 17:01:26.026] [DISPLAY] [Main ] [metadatamanager] Read external Epic metadata: gta5_gen9
[2026-01-24 17:01:26.026] [DISPLAY] [Main ] [environment] SetEnvironment: prod
[2026-01-24 17:01:26.030] [DISPLAY] [Main ] [subsystem] Init phase 1
[2026-01-24 17:01:26.031] [DISPLAY] [Main ] [fileutils] Checking version: C:\Program Files\Rockstar Games\Launcher\RockstarService.exe
[2026-01-24 17:01:26.171] [DISPLAY] [Main ] [svc] Service version: 1.0.105.2733 (1.0.105.2733)
[2026-01-24 17:01:26.171] [DISPLAY] [Main ] [svc] Starting service (attempt 1 / 3)...
[2026-01-24 17:01:26.325] [DISPLAY] [Main ] [titlestorage] Installed titles:
[2026-01-24 17:01:26.325] [DISPLAY] [Main ] [titlestorage]  Title                             Progress               Version              Location                                                    
[2026-01-24 17:01:26.342] [DISPLAY] [Main ] [fileutils] Checking version: C:\Program Files\Rockstar Games\Social Club\socialclub.dll
[2026-01-24 17:01:26.425] [DISPLAY] [Main ] [subsystem] Initializing group 0...
[2026-01-24 17:01:26.425] [DISPLAY] [Main ] [subsystem] Init phase 2
[2026-01-24 17:01:26.425] [DISPLAY] [Main ] [subsystem] Starting systems...
[2026-01-24 17:01:26.425] [DISPLAY] [Main ] [minmode] Overriding language from external game launch: en-US
[2026-01-24 17:01:26.425] [DISPLAY] [Main ] [localisation] Language updated to: 0
[2026-01-24 17:01:26.425] [DISPLAY] [Main ] [subsystem] Starting diag...
[2026-01-24 17:01:26.425] [DISPLAY] [Main ] [fileutils] Checking local versions...
[2026-01-24 17:01:26.425] [DISPLAY] [Main ] [fileutils] Checking version: C:\Program Files\Rockstar Games\Social Club\socialclub.dll
[2026-01-24 17:01:26.426] [DISPLAY] [Main ] [fileutils] Checking RGL version...
[2026-01-24 17:01:26.426] [DISPLAY] [Main ] [fileutils] Version: 2.4.0.146 | 1.0.105.2733 | FFP
[2026-01-24 17:01:26.426] [DISPLAY] [Main ] [subsystem] Starting net...
[2026-01-24 17:01:26.436] [DISPLAY] [Main ] [subsystem] Assigning pools...
[2026-01-24 17:01:26.436] [DISPLAY] [Main ] [subsystem] Initializing engine...
[2026-01-24 17:01:26.437] [DISPLAY] [Main ] [subsystem] Initializing group 1...
[2026-01-24 17:01:26.475] [DISPLAY] [Workr] [selfupdate] Up-to-date.
[2026-01-24 17:01:26.581] [DISPLAY] [bgsvc] [svc] Received response from service.
[2026-01-24 17:01:26.602] [DISPLAY] [Main ] [systemtray] System tray: enabled
[2026-01-24 17:01:26.616] [DISPLAY] [Main ] [launcher] Passed check: majorVersion(10.0.26200) >= 10
[2026-01-24 17:01:26.665] [DISPLAY] [Workr] [marketing_promo] No promotion manifest in memory, refreshing from cloud.
[2026-01-24 17:01:26.665] [DISPLAY] [Workr] [marketing_promo] Requesting new manifest
[2026-01-24 17:01:26.665] [DISPLAY] [Workr] [titlemanager] Downloading title list...
[2026-01-24 17:01:26.665] [DISPLAY] [Workr] [titlemanager] Downloading default title list (SCS)...
[2026-01-24 17:01:26.665] [DISPLAY] [Workr] [idownloader] Starting download of 'https://rgl-prod.ros.rockstargames.com/launcher/11/LauncherServices/App.asmx/GetDefaultApps?accessToken='
[2026-01-24 17:01:26.687] [DISPLAY] [http1] [idownloader] Starting download of 'https://gamedownloads-rockstargames-com.akamaized.net/public/launcher_online_config.xml'
[2026-01-24 17:01:27.196] [DISPLAY] [http1] [idownloader] Completed download of 'https://gamedownloads-rockstargames-com.akamaized.net/public/launcher_online_config.xml' (status: 0/200)
[2026-01-24 17:01:27.707] [DISPLAY] [Workr] [idownloader] Completed download of 'https://rgl-prod.ros.rockstargames.com/launcher/11/LauncherServices/App.asmx/GetDefaultApps?accessToken=' (status: 0/200)
[2026-01-24 17:01:27.707] [DISPLAY] [Workr] [services] Obtained NA-BAT
[2026-01-24 17:01:27.707] [DISPLAY] [Workr] [services] Parsed response from GetDefaultApps: 1 title(s), 1 branch(es)
[2026-01-24 17:01:27.707] [DISPLAY] [Workr] [titlemanager] Retrieved default title: launcher
[2026-01-24 17:01:27.707] [DISPLAY] [Workr] [titlemanager] Launcher tokens: BAT: false, NA-BAT: true
[2026-01-24 17:01:27.707] [DISPLAY] [Workr] [titlemanager] Title list updated.
[2026-01-24 17:01:27.707] [DISPLAY] [Workr] [launcher] Checking for self-update...
[2026-01-24 17:01:27.712] [DISPLAY] [Workr] [mergedmanifest] Using regular build for launcher
[2026-01-24 17:01:27.713] [DISPLAY] [Workr] [titleupdater] Doing chunk checks for launcher...
[2026-01-24 17:01:28.150] [DISPLAY] [Workr] [titleupdater] Checked 60 chunk(s), 0 were empty, skipped 0 chunk(s) and 0 file(s)
[2026-01-24 17:01:28.150] [DISPLAY] [Workr] [statuschecker] Title Rockstar Games Launcher: No update
[2026-01-24 17:01:28.155] [DISPLAY] [Workr] [launcher] No self-update, continuing.
[2026-01-24 17:01:28.161] [DISPLAY] [Workr] [launcher] Checking for prerequisite updates...
[2026-01-24 17:01:28.161] [DISPLAY] [Workr] [fileutils] Checking version: C:\Program Files\Rockstar Games\Social Club\socialclub.dll
[2026-01-24 17:01:28.162] [DISPLAY] [Workr] [fileutils] Checking version: C:\Program Files\Rockstar Games\Launcher\Redistributables\SocialClub\Social-Club-Setup.exe
[2026-01-24 17:01:28.163] [DISPLAY] [Workr] [preqmanager] The Social Club version available matches that currently installed (both: 2.4.0.146)
[2026-01-24 17:01:28.163] [DISPLAY] [Workr] [titleupdater] No prerequisites to install.
[2026-01-24 17:01:28.163] [DISPLAY] [Workr] [launcher] Checking minimum SDK requirement
[2026-01-24 17:01:28.163] [DISPLAY] [Workr] [fileutils] Checking version: C:\Program Files\Rockstar Games\Social Club\socialclub.dll
[2026-01-24 17:01:28.164] [DISPLAY] [Workr] [launcher] Completed Pre-initialization tasks
[2026-01-24 17:01:28.165] [DISPLAY] [Main ] [subsystem] Init phase 3
[2026-01-24 17:01:28.165] [DISPLAY] [Main ] [subsystem] RGL Offline Assets path: C:\Program Files\Rockstar Games\Launcher\offline.pak
[2026-01-24 17:01:28.165] [DISPLAY] [Main ] [subsystem] Intializing connection manager.
[2026-01-24 17:01:28.165] [DISPLAY] [Main ] [subsystem] Initializing RAGE networking.
[2026-01-24 17:01:28.509] [DISPLAY] [Main ] [subsystem] Initializing group 2...
[2026-01-24 17:01:28.604] [DISPLAY] [Workr] [dx12] Retrieving D3D12 graphics info
[2026-01-24 17:01:28.823] [DISPLAY] [Workr] [sysinfo] System Configuration: 
 CPU Info:
  ID: AMD64 Family 25 Model 68 Stepping 1
  Name: AMD Ryzen 7 7735HS with Radeon Graphics        
  Clock Speed: 3.19 GHZ
  Physical Cores: 8
  Logical Cores: 16
  SSE 4.1: enabled
  SSE 4.2: enabled

 Disk 0 (C:\)
  Disk Type: NVMe
  Bytes Free: 171223719936
  Bytes Total: 510745636864

Memory Info:
 17179869184 B
 16 GB

 GPU 0
  Description: NVIDIA GeForce RTX 4060 Laptop GPU
  Capacity (Bytes): 8343519232
  Display Capacity: 8.0 GB

 GPU 1
  Description: AMD Radeon(TM) Graphics
  Capacity (Bytes): 506949632
  Display Capacity: 0.5 GB
[2026-01-24 17:01:28.826] [DISPLAY] [Workr] [idownloader] Starting download of 'https://gamedownloads-rockstargames-com.akamaized.net/public/marketing.json'
[2026-01-24 17:01:29.274] [DISPLAY] [Workr] [idownloader] Completed download of 'https://gamedownloads-rockstargames-com.akamaized.net/public/marketing.json' (status: 0/200)
[2026-01-24 17:01:29.400] [DISPLAY] [Workr] [fileutils] Could not enumerate files in folder 'C:\Users\ACER\AppData\Local\Rockstar Games\Launcher\IconCache', path not found.
[2026-01-24 17:01:34.284] [DISPLAY] [Main ] [sysinfo] Identified device Type: 0
[2026-01-24 17:01:34.385] [DISPLAY] [Main ] [launcher] Social Club UI has started.
[2026-01-24 17:01:34.385] [DISPLAY] [Main ] [fileutils] Checking version: C:\Program Files\Rockstar Games\Social Club\socialclub.dll
[2026-01-24 17:01:34.387] [DISPLAY] [Admin] [external] Setting up epic title: gta5_gen9
[2026-01-24 17:01:34.486] [DISPLAY] [Main ] [launcher] Time to start up: 9277 ms
[2026-01-24 17:01:34.500] [DISPLAY] [Main ] [systemtray] System tray: enabled
[2026-01-24 17:01:34.555] [DISPLAY] [Main ] [ui_window_controller] UiWindowController::SetContext: Invalid -> Auth
[2026-01-24 17:01:34.555] [DISPLAY] [Main ] [ui_window_controller] UiWindowController::SetState: Invalid -> WaitForBrowser
[2026-01-24 17:01:34.555] [DISPLAY] [Main ] [ui_window_controller] UiWindowController::SetState: WaitForBrowser -> WaitForWindow
[2026-01-24 17:01:36.953] [DISPLAY] [Main ] [launcher] OnEpicEvent :: 0 received
[2026-01-24 17:01:36.998] [DISPLAY] [Admin] [metadatamanager] Read external Epic metadata: gta5_gen9
[2026-01-24 17:01:37.204] [DISPLAY] [Main ] [ui_window_controller] UiWindowController::SetState: WaitForWindow -> Active
[2026-01-24 17:01:37.405] [DISPLAY] [Admin] [external] Epic ownership request indicated valid entitlement of at least once audience
[2026-01-24 17:01:37.415] [DISPLAY] [Admin] [external] Successfully setup title
[2026-01-24 17:01:37.416] [DISPLAY] [Main ] [external] Client is ready to attempt a launch.
[2026-01-24 17:01:38.544] [DISPLAY] [Main ] [ui_window_controller] UiWindowController::SetState: Active -> WaitForBrowser
[2026-01-24 17:01:38.544] [DISPLAY] [Main ] [ui_window_controller] UiWindowController::SetState: WaitForBrowser -> WaitForWindow
[2026-01-24 17:01:38.544] [DISPLAY] [Main ] [ui_window_controller] UiWindowController::SetState: WaitForWindow -> Active
[2026-01-24 17:01:42.518] [DISPLAY] [Main ] [ui_window_controller] UiWindowController::SetContext: Auth -> MainWindow
[2026-01-24 17:01:42.518] [DISPLAY] [Main ] [ui_window_controller] UiWindowController::SetState: Active -> WaitForBrowser
[2026-01-24 17:01:42.542] [DISPLAY] [Main ] [ui_mainwindow] Using DPI 120,120
[2026-01-24 17:01:42.542] [DISPLAY] [Main ] [ui_mainwindow] Using UI Scale: 1.25
[2026-01-24 17:01:42.542] [DISPLAY] [Main ] [ui_mainwindow] Using saved geometry: 357,160 (1278 x 748)
[2026-01-24 17:01:42.554] [DISPLAY] [Main ] [launcher] Presence Event - Signed In
[2026-01-24 17:01:42.554] [DISPLAY] [Main ] [launcher] User 'Prince_499' is now signed in
[2026-01-24 17:01:42.582] [DISPLAY] [Main ] [launcher] Presence Event :: Went Online
[2026-01-24 17:01:42.582] [DISPLAY] [Admin] [titlemanager] Downloading title list...
[2026-01-24 17:01:42.583] [DISPLAY] [Main ] [ui_window_controller] UiWindowController::SetState: WaitForBrowser -> WaitForWindow
[2026-01-24 17:01:42.583] [DISPLAY] [Main ] [ui_window_controller] UiWindowController::SetState: WaitForWindow -> Active
[2026-01-24 17:01:42.600] [DISPLAY] [Admin] [titlemanager] Downloading title list (SCS)...
[2026-01-24 17:01:42.795] [DISPLAY] [Main ] [external] Attempting external title launch...
[2026-01-24 17:01:42.796] [DISPLAY] [Main ] [gamelaunch] Begin game launch: gta5_gen9
[2026-01-24 17:01:42.796] [DISPLAY] [Main ] [gamelaunch] Flags: 67
[2026-01-24 17:01:42.796] [DISPLAY] [Main ] [gamelaunch] Path: C:\Program Files\Epic Games\GTAVEnhanced
[2026-01-24 17:01:42.807] [DISPLAY] [Main ] [telemetrymanager] Secondary platform is set to: 9
[2026-01-24 17:01:42.808] [DISPLAY] [Main ] [scuicallbacks] Enabling Downloading
[2026-01-24 17:01:42.808] [DISPLAY] [22456] [gamelaunch] Launch Folder: C:\Program Files\Epic Games\GTAVEnhanced
[2026-01-24 17:01:42.808] [DISPLAY] [22456] [gamelaunch] Launch Path: C:\Program Files\Epic Games\GTAVEnhanced\GTA5_Enhanced.exe
[2026-01-24 17:01:42.847] [DISPLAY] [Main ] [launcher] Friend Event - Friends are Available
[2026-01-24 17:01:43.051] [DISPLAY] [22456] [fileutils] Checking version: C:\Program Files\Epic Games\GTAVEnhanced\GTA5_Enhanced.exe
[2026-01-24 17:01:43.056] [DISPLAY] [22456] [gamelaunch] RGL is up to date (current: 1.0.105.2733, minimum: 1.0.101.2370)
[2026-01-24 17:01:43.056] [DISPLAY] [22456] [fileutils] Checking version: C:\Program Files\Epic Games\GTAVEnhanced\GTA5_Enhanced.exe
[2026-01-24 17:01:43.057] [DISPLAY] [22456] [gamelaunch] Grand Theft Auto V Enhanced is up to date (current: 1.0.1013.20, minimum: 1.0.812.5)
[2026-01-24 17:01:43.057] [DISPLAY] [22456] [fileutils] Checking version: C:\Program Files\Rockstar Games\Social Club\socialclub.dll
[2026-01-24 17:01:43.085] [DISPLAY] [Main ] [scuicallbacks] Setting updated by frontend
[2026-01-24 17:01:43.085] [DISPLAY] [Main ] [scuicallbacks] Launch requested by user: gta5_gen9, default
[2026-01-24 17:01:43.085] [WARNING] [Main ] [scuicallbacks] Second external launch requested from SCUI. Discarding (Requested: gta5_gen9, Existing: gta5_gen9)
[2026-01-24 17:01:44.019] [DISPLAY] [Main ] [services] Parsed response from GetApps: 22 title(s), 1 branch(es)
[2026-01-24 17:01:44.041] [DISPLAY] [Admin] [titlemanager] Title list updated.
[2026-01-24 17:01:45.654] [DISPLAY] [Admin] [titlemanager] Downloading title list...
[2026-01-24 17:01:45.654] [DISPLAY] [Admin] [titlemanager] Downloading title list (SCS)...
[2026-01-24 17:01:46.790] [DISPLAY] [Main ] [services] Parsed response from GetApps: 22 title(s), 1 branch(es)
[2026-01-24 17:01:46.816] [DISPLAY] [Admin] [titlemanager] Title list updated.
[2026-01-24 17:01:48.777] [DISPLAY] [Main ] [cloudsaveop] Cloud Save sync requested for app 'gta5_gen9'
[2026-01-24 17:01:48.793] [DISPLAY] [Main ] [cloudsaveop] Starting cloud save enabled check for app 'gta5_gen9'
[2026-01-24 17:01:48.810] [DISPLAY] [Main ] [cloudsaveop] Received cloud saves enabled state for app 'gta5_gen9' = disabled
[2026-01-24 17:01:48.810] [DISPLAY] [Main ] [cloudsaveop] Finished syncing cloud saves for app 'gta5_gen9'
[2026-01-24 17:01:48.883] [DISPLAY] [net1 ] [audio] Valid Audio Device: true
[2026-01-24 17:01:51.509] [DISPLAY] [22456] [gamelaunch] Launching game...
[2026-01-24 17:01:51.509] [DISPLAY] [22456] [gamelaunch]  Path: C:\Program Files\Epic Games\GTAVEnhanced\GTA5_Enhanced_BE.exe
[2026-01-24 17:01:51.509] [DISPLAY] [22456] [gamelaunch]  Command Line: "C:\Program Files\Epic Games\GTAVEnhanced\GTA5_Enhanced_BE.exe" -skipPatcherCheck -epicAppId=gta5_gen9 -AUTH_LOGIN=unused -AUTH_PASSWORD=216ab8f49cc7400fa65a0e648506662f -AUTH_TYPE=exchangecode -epicapp=8769e24080ea413b8ebca3f1b8c50951 -epicenv=Prod -EpicPortal -epicusername=inimitable_499 -epicuserid=3e9d95babb60483998fa20941396964d -epiclocale=en -epicsandboxid=b0cd075465c44f87be3b505ac04a2e46 -rlrosdomainenv=prod @args.txt -enableCrashpad -useEpic -scCommerceProvider=4 @commandline.txt -fromRGL -scDiscordClientId=1329870933695135785 -rglLanguage=en-US
[2026-01-24 17:01:51.509] [DISPLAY] [22456] [gamelaunch]  Working Directory: C:\Program Files\Epic Games\GTAVEnhanced
[2026-01-24 17:03:36.881] [DISPLAY] [Main ] [launcher] OnEpicEvent :: 0 received
[2026-01-24 18:01:26.718] [DISPLAY] [http7] [idownloader] Starting download of 'https://gamedownloads-rockstargames-com.akamaized.net/public/launcher_online_config.xml'
[2026-01-24 18:01:26.965] [DISPLAY] [http7] [idownloader] Completed download of 'https://gamedownloads-rockstargames-com.akamaized.net/public/launcher_online_config.xml' (status: 0/200)
[2026-01-24 18:13:51.673] [DISPLAY] [22456] [gamelaunch] Game exited with code 0x0 (0)
[2026-01-24 18:13:51.680] [DISPLAY] [22456] [crashdetection] Game left no exit file.
[2026-01-24 18:13:51.680] [DISPLAY] [22456] [crashdetection] Exit code 0x0 indicates a clean game shutdown
[2026-01-24 18:13:51.713] [DISPLAY] [Main ] [cloudsaveop] Cloud Save sync requested for app 'gta5_gen9'
[2026-01-24 18:13:51.731] [DISPLAY] [Main ] [cloudsaveop] Starting cloud save enabled check for app 'gta5_gen9'
[2026-01-24 18:13:51.732] [DISPLAY] [Main ] [cloudsaveop] Received cloud saves enabled state for app 'gta5_gen9' = disabled
[2026-01-24 18:13:51.732] [DISPLAY] [Main ] [cloudsaveop] Finished syncing cloud saves for app 'gta5_gen9'
[2026-01-24 18:13:53.023] [DISPLAY] [22456] [launcher] Shutdown requested! Forced: false
[2026-01-24 18:13:53.040] [DISPLAY] [Main ] [launcher] StartShutdown - Now in progress
[2026-01-24 18:13:53.040] [DISPLAY] [Main ] [launcher] SHUTDOWN_REQUESTED -> SHUTDOWN_MAIN_WINDOW
[2026-01-24 18:13:53.040] [DISPLAY] [Main ] [launcher] SHUTDOWN_MAIN_WINDOW -> SHUTDOWN_STARTUP_WINDOW
[2026-01-24 18:13:53.040] [DISPLAY] [Main ] [launcher] SHUTDOWN_STARTUP_WINDOW -> SHUTDOWN_NOTIFICATION_MANAGER
[2026-01-24 18:13:53.040] [DISPLAY] [Main ] [launcher] SHUTDOWN_NOTIFICATION_MANAGER -> SHUTDOWN_GAME_LAUNCHER
[2026-01-24 18:13:53.040] [DISPLAY] [Main ] [launcher] SHUTDOWN_GAME_LAUNCHER -> SHUTDOWN_WINDOW_CONTROLLER
[2026-01-24 18:13:53.157] [DISPLAY] [Main ] [launcher] SHUTDOWN_WINDOW_CONTROLLER -> SHUTDOWN_STOP_WORKER_THREADS
[2026-01-24 18:13:53.157] [DISPLAY] [Main ] [launcher] SHUTDOWN_STOP_WORKER_THREADS -> SHUTDOWN_TITLES
[2026-01-24 18:13:53.157] [DISPLAY] [Main ] [launcher] SHUTDOWN_TITLES -> SHUTDOWN_DISK
[2026-01-24 18:13:53.157] [DISPLAY] [Main ] [launcher] SHUTDOWN_DISK -> SHUTDOWN_BACKGROUND_SERVICE
[2026-01-24 18:13:53.157] [DISPLAY] [Main ] [launcher] SHUTDOWN_BACKGROUND_SERVICE -> SHUTDOWN_TELEMETRY
[2026-01-24 18:13:53.157] [DISPLAY] [Main ] [launcher] SHUTDOWN_TELEMETRY -> SHUTDOWN_CACHED_REQUEST_MANAGER
[2026-01-24 18:13:53.157] [DISPLAY] [Main ] [launcher] SHUTDOWN_CACHED_REQUEST_MANAGER -> SHUTDOWN_SETTINGS_MANAGER
[2026-01-24 18:13:53.157] [DISPLAY] [Main ] [launcher] SHUTDOWN_SETTINGS_MANAGER -> SHUTDOWN_SDK
[2026-01-24 18:13:53.157] [DISPLAY] [Main ] [launcher] SHUTDOWN_SDK -> SHUTDOWN_PRESENCE
[2026-01-24 18:13:53.157] [DISPLAY] [Main ] [launcher] SHUTDOWN_PRESENCE -> SHUTDOWN_SUBSYSTEMS
[2026-01-24 18:13:53.157] [DISPLAY] [Main ] [launcher] SHUTDOWN_SUBSYSTEMS -> SHUTDOWN_IN_PROGRESS
[2026-01-24 18:13:54.932] [DISPLAY] [Main ] [launcher] Telemetry flushed
[2026-01-24 18:13:54.932] [DISPLAY] [Main ] [launcher] Window destroyed
[2026-01-24 18:13:54.932] [DISPLAY] [Main ] [launcher] SDK ready for shutdown
[2026-01-24 18:13:54.932] [DISPLAY] [Main ] [launcher] Notifications cleared
[2026-01-24 18:13:54.932] [DISPLAY] [Main ] [launcher] No games running
[2026-01-24 18:13:54.932] [DISPLAY] [Main ] [launcher] Worker Threads shutdown
[2026-01-24 18:13:54.932] [DISPLAY] [Main ] [launcher] Title state flushed
[2026-01-24 18:13:54.932] [DISPLAY] [Main ] [launcher] Disk state flushed
[2026-01-24 18:13:54.932] [DISPLAY] [Main ] [launcher] Cached Requests cleared
[2026-01-24 18:13:54.932] [DISPLAY] [Main ] [launcher] Settings saved
[2026-01-24 18:13:54.932] [DISPLAY] [Main ] [launcher] Presence signed out
[2026-01-24 18:13:54.932] [DISPLAY] [Main ] [launcher] All subsystems have shut down
[2026-01-24 18:13:54.932] [DISPLAY] [Main ] [launcher] SHUTDOWN_IN_PROGRESS -> SHUTDOWN_COMPLETE
[2026-01-24 18:13:54.932] [DISPLAY] [Main ] [app] Application quit requested (exit code: 0)
[2026-01-24 18:13:54.932] [DISPLAY] [Main ] [launcher] SHUTDOWN_COMPLETE -> SHUTDOWN_EXITING
[2026-01-24 18:13:54.975] [DISPLAY] [Main ] [svc] Stopping the background service.
