[2026-01-28 14:20:11.744] [DISPLAY] [Main ] [fileutils] Checking version: C:\Program Files\Rockstar Games\Launcher\Launcher.exe
[2026-01-28 14:20:11.762] [DISPLAY] [Main ] [dx12] Retrieving D3D12 graphics info
[2026-01-28 14:20:12.293] [DISPLAY] [Main ] [launcher] Opening log file.
[2026-01-28 14:20:12.299] [DISPLAY] [Main ] [startupinfo] Command line: "C:\Program Files\Rockstar Games\Launcher\Launcher.exe" -skipPatcherCheck -epicAppId=gta5_gen9  -AUTH_LOGIN=unused -AUTH_PASSWORD=bd0962c3c618423eab7c2aaeeef788e4 -AUTH_TYPE=exchangecode -epicapp=8769e24080ea413b8ebca3f1b8c50951 -epicenv=Prod -EpicPortal -epicusername="inimitable_499" -epicuserid=3e9d95babb60483998fa20941396964d -epiclocale=en -epicsandboxid=b0cd075465c44f87be3b505ac04a2e46 -rlrosdomainenv=prod @args.txt
[2026-01-28 14:20:12.299] [DISPLAY] [Main ] [startupinfo] P4 Version: 
[2026-01-28 14:20:12.299] [DISPLAY] [Main ] [startupinfo] RGL Branch: release_05
[2026-01-28 14:20:12.299] [DISPLAY] [Main ] [startupinfo] Version:    1.0.105.2733
[2026-01-28 14:20:12.299] [DISPLAY] [Main ] [startupinfo] Session ID: 7929f401-7683-122b-9152-4717f658cc03
[2026-01-28 14:20:12.299] [DISPLAY] [Main ] [startupinfo] Name Hash:  DCCF306D
[2026-01-28 14:20:12.299] [DISPLAY] [Main ] [startupinfo] Parameters:
[2026-01-28 14:20:12.299] [DISPLAY] [Main ] [startupinfo]     C:\Program Files\Rockstar Games\Launcher\Launcher.exe
[2026-01-28 14:20:12.299] [DISPLAY] [Main ] [startupinfo]     -skipPatcherCheck
[2026-01-28 14:20:12.299] [DISPLAY] [Main ] [startupinfo]     -epicAppId=gta5_gen9
[2026-01-28 14:20:12.299] [DISPLAY] [Main ] [startupinfo]     -AUTH_LOGIN=unused
[2026-01-28 14:20:12.299] [DISPLAY] [Main ] [startupinfo]     -AUTH_PASSWORD=bd0962c3c618423eab7c2aaeeef788e4
[2026-01-28 14:20:12.299] [DISPLAY] [Main ] [startupinfo]     -AUTH_TYPE=exchangecode
[2026-01-28 14:20:12.299] [DISPLAY] [Main ] [startupinfo]     -epicapp=8769e24080ea413b8ebca3f1b8c50951
[2026-01-28 14:20:12.299] [DISPLAY] [Main ] [startupinfo]     -epicenv=Prod
[2026-01-28 14:20:12.299] [DISPLAY] [Main ] [startupinfo]     -EpicPortal
[2026-01-28 14:20:12.299] [DISPLAY] [Main ] [startupinfo]     -epicusername=inimitable_499
[2026-01-28 14:20:12.299] [DISPLAY] [Main ] [startupinfo]     -epicuserid=3e9d95babb60483998fa20941396964d
[2026-01-28 14:20:12.299] [DISPLAY] [Main ] [startupinfo]     -epiclocale=en
[2026-01-28 14:20:12.299] [DISPLAY] [Main ] [startupinfo]     -epicsandboxid=b0cd075465c44f87be3b505ac04a2e46
[2026-01-28 14:20:12.299] [DISPLAY] [Main ] [startupinfo]     -rlrosdomainenv=prod
[2026-01-28 14:20:12.299] [DISPLAY] [Main ] [startupinfo]     @args.txt
[2026-01-28 14:20:12.299] [DISPLAY] [Main ] [startup] Initial Working Directory: C:\Program Files\Epic Games\GTAVEnhanced
[2026-01-28 14:20:12.299] [DISPLAY] [Main ] [startup] Working directory: C:\Program Files\Rockstar Games\Launcher
[2026-01-28 14:20:12.308] [DISPLAY] [Main ] [packfile] Initialize 'Launcher.rpf' - succeeded
[2026-01-28 14:20:12.308] [DISPLAY] [Main ] [localisation] Language updated to: 0
[2026-01-28 14:20:12.357] [DISPLAY] [Main ] [external] Creating epic min mode launch
[2026-01-28 14:20:12.357] [DISPLAY] [Main ] [external] Epic App Id: gta5_gen9
[2026-01-28 14:20:12.357] [DISPLAY] [Main ] [external] Epic Location: C:\Program Files\Epic Games\GTAVEnhanced
[2026-01-28 14:20:12.357] [DISPLAY] [Main ] [external] Epic Relaunch: false
[2026-01-28 14:20:12.368] [DISPLAY] [Main ] [external] Running from Epic Games Launcher.
[2026-01-28 14:20:12.370] [DISPLAY] [Main ] [metadatamanager] Read external Epic metadata: gta5_gen9
[2026-01-28 14:20:12.370] [DISPLAY] [Main ] [environment] SetEnvironment: prod
[2026-01-28 14:20:12.375] [DISPLAY] [Main ] [subsystem] Init phase 1
[2026-01-28 14:20:12.375] [DISPLAY] [Main ] [fileutils] Checking version: C:\Program Files\Rockstar Games\Launcher\RockstarService.exe
[2026-01-28 14:20:12.506] [DISPLAY] [Main ] [svc] Service version: 1.0.105.2733 (1.0.105.2733)
[2026-01-28 14:20:12.506] [DISPLAY] [Main ] [svc] Starting service (attempt 1 / 3)...
[2026-01-28 14:20:12.704] [DISPLAY] [Main ] [titlestorage] Installed titles:
[2026-01-28 14:20:12.704] [DISPLAY] [Main ] [titlestorage]  Title                             Progress               Version              Location                                                    
[2026-01-28 14:20:12.723] [DISPLAY] [Main ] [fileutils] Checking version: C:\Program Files\Rockstar Games\Social Club\socialclub.dll
[2026-01-28 14:20:12.817] [DISPLAY] [Main ] [subsystem] Initializing group 0...
[2026-01-28 14:20:12.817] [DISPLAY] [Main ] [subsystem] Init phase 2
[2026-01-28 14:20:12.817] [DISPLAY] [Main ] [subsystem] Starting systems...
[2026-01-28 14:20:12.817] [DISPLAY] [Main ] [minmode] Overriding language from external game launch: en-US
[2026-01-28 14:20:12.817] [DISPLAY] [Main ] [localisation] Language updated to: 0
[2026-01-28 14:20:12.817] [DISPLAY] [Main ] [subsystem] Starting diag...
[2026-01-28 14:20:12.817] [DISPLAY] [Main ] [fileutils] Checking local versions...
[2026-01-28 14:20:12.817] [DISPLAY] [Main ] [fileutils] Checking version: C:\Program Files\Rockstar Games\Social Club\socialclub.dll
[2026-01-28 14:20:12.817] [DISPLAY] [Main ] [fileutils] Checking RGL version...
[2026-01-28 14:20:12.817] [DISPLAY] [Main ] [fileutils] Version: 2.4.0.146 | 1.0.105.2733 | FFP
[2026-01-28 14:20:12.817] [DISPLAY] [Main ] [subsystem] Starting net...
[2026-01-28 14:20:12.827] [DISPLAY] [Main ] [subsystem] Assigning pools...
[2026-01-28 14:20:12.827] [DISPLAY] [Main ] [subsystem] Initializing engine...
[2026-01-28 14:20:12.828] [DISPLAY] [Main ] [subsystem] Initializing group 1...
[2026-01-28 14:20:12.875] [DISPLAY] [Workr] [selfupdate] Up-to-date.
[2026-01-28 14:20:13.015] [DISPLAY] [Main ] [systemtray] System tray: enabled
[2026-01-28 14:20:13.030] [DISPLAY] [Main ] [launcher] Passed check: majorVersion(10.0.26200) >= 10
[2026-01-28 14:20:13.059] [DISPLAY] [bgsvc] [svc] Received response from service.
[2026-01-28 14:20:13.140] [DISPLAY] [http1] [idownloader] Starting download of 'https://gamedownloads-rockstargames-com.akamaized.net/public/launcher_online_config.xml'
[2026-01-28 14:20:13.214] [DISPLAY] [http1] [idownloader] Completed download of 'https://gamedownloads-rockstargames-com.akamaized.net/public/launcher_online_config.xml' (status: 0/200)
[2026-01-28 14:20:13.269] [DISPLAY] [Workr] [marketing_promo] No promotion manifest in memory, refreshing from cloud.
[2026-01-28 14:20:13.269] [DISPLAY] [Workr] [marketing_promo] Requesting new manifest
[2026-01-28 14:20:13.269] [DISPLAY] [Workr] [titlemanager] Downloading title list...
[2026-01-28 14:20:13.269] [DISPLAY] [Workr] [titlemanager] Downloading default title list (SCS)...
[2026-01-28 14:20:13.269] [DISPLAY] [Workr] [idownloader] Starting download of 'https://rgl-prod.ros.rockstargames.com/launcher/11/LauncherServices/App.asmx/GetDefaultApps?accessToken='
[2026-01-28 14:20:14.435] [DISPLAY] [Workr] [idownloader] Completed download of 'https://rgl-prod.ros.rockstargames.com/launcher/11/LauncherServices/App.asmx/GetDefaultApps?accessToken=' (status: 0/200)
[2026-01-28 14:20:14.435] [DISPLAY] [Workr] [services] Obtained NA-BAT
[2026-01-28 14:20:14.435] [DISPLAY] [Workr] [services] Parsed response from GetDefaultApps: 1 title(s), 1 branch(es)
[2026-01-28 14:20:14.435] [DISPLAY] [Workr] [titlemanager] Retrieved default title: launcher
[2026-01-28 14:20:14.435] [DISPLAY] [Workr] [titlemanager] Launcher tokens: BAT: false, NA-BAT: true
[2026-01-28 14:20:14.435] [DISPLAY] [Workr] [titlemanager] Title list updated.
[2026-01-28 14:20:14.435] [DISPLAY] [Workr] [launcher] Checking for self-update...
[2026-01-28 14:20:14.441] [DISPLAY] [Workr] [mergedmanifest] Using regular build for launcher
[2026-01-28 14:20:14.441] [DISPLAY] [Workr] [titleupdater] Doing chunk checks for launcher...
[2026-01-28 14:20:16.458] [DISPLAY] [Workr] [titleupdater] Checked 60 chunk(s), 0 were empty, skipped 0 chunk(s) and 0 file(s)
[2026-01-28 14:20:16.458] [DISPLAY] [Workr] [statuschecker] Title Rockstar Games Launcher: No update
[2026-01-28 14:20:16.462] [DISPLAY] [Workr] [launcher] No self-update, continuing.
[2026-01-28 14:20:16.469] [DISPLAY] [Workr] [launcher] Checking for prerequisite updates...
[2026-01-28 14:20:16.469] [DISPLAY] [Workr] [fileutils] Checking version: C:\Program Files\Rockstar Games\Social Club\socialclub.dll
[2026-01-28 14:20:16.469] [DISPLAY] [Workr] [fileutils] Checking version: C:\Program Files\Rockstar Games\Launcher\Redistributables\SocialClub\Social-Club-Setup.exe
[2026-01-28 14:20:16.470] [DISPLAY] [Workr] [preqmanager] The Social Club version available matches that currently installed (both: 2.4.0.146)
[2026-01-28 14:20:16.470] [DISPLAY] [Workr] [titleupdater] No prerequisites to install.
[2026-01-28 14:20:16.470] [DISPLAY] [Workr] [launcher] Checking minimum SDK requirement
[2026-01-28 14:20:16.470] [DISPLAY] [Workr] [fileutils] Checking version: C:\Program Files\Rockstar Games\Social Club\socialclub.dll
[2026-01-28 14:20:16.563] [DISPLAY] [Workr] [launcher] Completed Pre-initialization tasks
[2026-01-28 14:20:16.571] [DISPLAY] [Main ] [subsystem] Init phase 3
[2026-01-28 14:20:16.571] [DISPLAY] [Main ] [subsystem] RGL Offline Assets path: C:\Program Files\Rockstar Games\Launcher\offline.pak
[2026-01-28 14:20:16.571] [DISPLAY] [Main ] [subsystem] Intializing connection manager.
[2026-01-28 14:20:16.571] [DISPLAY] [Main ] [subsystem] Initializing RAGE networking.
[2026-01-28 14:20:16.962] [DISPLAY] [Main ] [subsystem] Initializing group 2...
[2026-01-28 14:20:17.159] [DISPLAY] [Workr] [dx12] Retrieving D3D12 graphics info
[2026-01-28 14:20:17.414] [DISPLAY] [Workr] [sysinfo] System Configuration: 
 CPU Info:
  ID: AMD64 Family 25 Model 68 Stepping 1
  Name: AMD Ryzen 7 7735HS with Radeon Graphics        
  Clock Speed: 3.19 GHZ
  Physical Cores: 8
  Logical Cores: 16
  SSE 4.1: enabled
  SSE 4.2: enabled

 Disk 0 (C:\)
  Disk Type: NVMe
  Bytes Free: 166862163968
  Bytes Total: 510745636864

Memory Info:
 17179869184 B
 16 GB

 GPU 0
  Description: NVIDIA GeForce RTX 4060 Laptop GPU
  Capacity (Bytes): 8343519232
  Display Capacity: 8.0 GB

 GPU 1
  Description: AMD Radeon(TM) Graphics
  Capacity (Bytes): 506949632
  Display Capacity: 0.5 GB
[2026-01-28 14:20:17.416] [DISPLAY] [Workr] [idownloader] Starting download of 'https://gamedownloads-rockstargames-com.akamaized.net/public/marketing.json'
[2026-01-28 14:20:17.617] [DISPLAY] [Workr] [idownloader] Completed download of 'https://gamedownloads-rockstargames-com.akamaized.net/public/marketing.json' (status: 0/200)
[2026-01-28 14:20:17.737] [DISPLAY] [Workr] [fileutils] Could not enumerate files in folder 'C:\Users\ACER\AppData\Local\Rockstar Games\Launcher\IconCache', path not found.
[2026-01-28 14:20:20.516] [DISPLAY] [Main ] [sysinfo] Identified device Type: 0
[2026-01-28 14:20:20.650] [DISPLAY] [Main ] [launcher] Social Club UI has started.
[2026-01-28 14:20:20.650] [DISPLAY] [Main ] [fileutils] Checking version: C:\Program Files\Rockstar Games\Social Club\socialclub.dll
[2026-01-28 14:20:20.651] [DISPLAY] [Admin] [external] Setting up epic title: gta5_gen9
[2026-01-28 14:20:20.792] [DISPLAY] [Main ] [launcher] Time to start up: 9084 ms
[2026-01-28 14:20:20.797] [DISPLAY] [Main ] [systemtray] System tray: enabled
[2026-01-28 14:20:20.854] [DISPLAY] [Main ] [ui_window_controller] UiWindowController::SetContext: Invalid -> Auth
[2026-01-28 14:20:20.854] [DISPLAY] [Main ] [ui_window_controller] UiWindowController::SetState: Invalid -> WaitForBrowser
[2026-01-28 14:20:20.855] [DISPLAY] [Main ] [ui_window_controller] UiWindowController::SetState: WaitForBrowser -> WaitForWindow
[2026-01-28 14:20:23.660] [DISPLAY] [Main ] [ui_window_controller] UiWindowController::SetState: WaitForWindow -> Active
[2026-01-28 14:20:30.411] [ ERROR ] [Main ] [epic_auth] LoginCompleteCallback :: Login Failed - Error Code: EOS_NoConnection
[2026-01-28 14:20:30.411] [DISPLAY] [Main ] [launcher] OnEpicEvent :: 1 received
[2026-01-28 14:20:30.411] [ ERROR ] [Main ] [launcher] Epic sign in error. Error: 1, ErrorCode: 1
[2026-01-28 14:20:30.433] [ ERROR ] [Admin] [external] Failed setting up external title
[2026-01-28 14:20:30.433] [ ERROR ] [Admin] [error] ************************************************************************
[2026-01-28 14:20:30.433] [ ERROR ] [Admin] [error] * Setting error condition
[2026-01-28 14:20:30.433] [ ERROR ] [Admin] [error] * Category:  1   (ERROR_CATEGORY_LAUNCHER)
[2026-01-28 14:20:30.433] [ ERROR ] [Admin] [error] * Code:      142 (0x8e)
[2026-01-28 14:20:30.433] [ ERROR ] [Admin] [error] * Extra:     Grand Theft Auto V Enhanced
[2026-01-28 14:20:30.433] [ ERROR ] [Admin] [error] * Localised: Grand Theft Auto V Enhanced was unable to authenticate with Epic Online Services.

Please verify that the Epic Games Launcher is running and signed in and that the title is up to date.

If you continue to have problems playing the game, please contact Rockstar Games Customer Support at https://support.rockstargames.com.
[2026-01-28 14:20:30.433] [ ERROR ] [Admin] [error] ************************************************************************
[2026-01-28 14:20:30.435] [ ERROR ] [Admin] [launcher] Displaying error message: Grand Theft Auto V Enhanced was unable to authenticate with Epic Online Services.

Please verify that the Epic Games Launcher is running and signed in and that the title is up to date.

If you continue to have problems playing the game, please contact Rockstar Games Customer Support at https://support.rockstargames.com.
[2026-01-28 14:20:33.706] [DISPLAY] [Main ] [ui_window_controller] OnScAuthError with fatal error invoked
[2026-01-28 14:20:33.706] [DISPLAY] [Main ] [ui_window_controller] UiWindowController::SetState: Active -> FatalError
[2026-01-28 14:20:33.706] [ ERROR ] [Main ] [ui_window_controller] Handling error in window controller
[2026-01-28 14:20:33.724] [DISPLAY] [Main ] [ui_window_controller] UiWindowController::SetState: FatalError -> HandlingFatalError
[2026-01-28 14:20:34.284] [DISPLAY] [Main ] [launcher] Shutdown requested! Forced: true
[2026-01-28 14:20:34.301] [DISPLAY] [Main ] [launcher] StartShutdown - Now in progress
[2026-01-28 14:20:34.301] [DISPLAY] [Main ] [launcher] SHUTDOWN_REQUESTED -> SHUTDOWN_MAIN_WINDOW
[2026-01-28 14:20:34.301] [DISPLAY] [Main ] [launcher] SHUTDOWN_MAIN_WINDOW -> SHUTDOWN_STARTUP_WINDOW
[2026-01-28 14:20:34.301] [DISPLAY] [Main ] [launcher] SHUTDOWN_STARTUP_WINDOW -> SHUTDOWN_NOTIFICATION_MANAGER
[2026-01-28 14:20:34.301] [DISPLAY] [Main ] [launcher] SHUTDOWN_NOTIFICATION_MANAGER -> SHUTDOWN_GAME_LAUNCHER
[2026-01-28 14:20:34.301] [DISPLAY] [Main ] [launcher] SHUTDOWN_GAME_LAUNCHER -> SHUTDOWN_WINDOW_CONTROLLER
[2026-01-28 14:20:34.402] [DISPLAY] [Main ] [launcher] SHUTDOWN_WINDOW_CONTROLLER -> SHUTDOWN_STOP_WORKER_THREADS
[2026-01-28 14:20:34.402] [DISPLAY] [Main ] [launcher] SHUTDOWN_STOP_WORKER_THREADS -> SHUTDOWN_TITLES
[2026-01-28 14:20:34.402] [DISPLAY] [Main ] [launcher] SHUTDOWN_TITLES -> SHUTDOWN_DISK
[2026-01-28 14:20:34.402] [DISPLAY] [Main ] [launcher] SHUTDOWN_DISK -> SHUTDOWN_BACKGROUND_SERVICE
[2026-01-28 14:20:34.402] [DISPLAY] [Main ] [launcher] SHUTDOWN_BACKGROUND_SERVICE -> SHUTDOWN_TELEMETRY
[2026-01-28 14:20:34.402] [DISPLAY] [Main ] [launcher] SHUTDOWN_TELEMETRY -> SHUTDOWN_CACHED_REQUEST_MANAGER
[2026-01-28 14:20:34.402] [DISPLAY] [Main ] [launcher] SHUTDOWN_CACHED_REQUEST_MANAGER -> SHUTDOWN_SETTINGS_MANAGER
[2026-01-28 14:20:34.402] [DISPLAY] [Main ] [launcher] SHUTDOWN_SETTINGS_MANAGER -> SHUTDOWN_SDK
[2026-01-28 14:20:34.402] [DISPLAY] [Main ] [launcher] SHUTDOWN_SDK -> SHUTDOWN_PRESENCE
[2026-01-28 14:20:34.402] [DISPLAY] [Main ] [launcher] SHUTDOWN_PRESENCE -> SHUTDOWN_SUBSYSTEMS
[2026-01-28 14:20:34.402] [DISPLAY] [Main ] [launcher] SHUTDOWN_SUBSYSTEMS -> SHUTDOWN_IN_PROGRESS
[2026-01-28 14:20:36.980] [WARNING] [Main ] [launcher] 0 messagebox(es) not shown before shutdown
[2026-01-28 14:20:36.980] [DISPLAY] [Main ] [launcher] Telemetry flushed
[2026-01-28 14:20:36.983] [DISPLAY] [Main ] [launcher] Window destroyed
[2026-01-28 14:20:36.983] [DISPLAY] [Main ] [launcher] SDK ready for shutdown
[2026-01-28 14:20:36.983] [DISPLAY] [Main ] [launcher] Notifications cleared
[2026-01-28 14:20:36.983] [DISPLAY] [Main ] [launcher] No games running
[2026-01-28 14:20:36.983] [DISPLAY] [Main ] [launcher] Worker Threads shutdown
[2026-01-28 14:20:36.983] [DISPLAY] [Main ] [launcher] Title state flushed
[2026-01-28 14:20:36.983] [DISPLAY] [Main ] [launcher] Disk state flushed
[2026-01-28 14:20:36.983] [DISPLAY] [Main ] [launcher] Cached Requests cleared
[2026-01-28 14:20:36.983] [DISPLAY] [Main ] [launcher] Settings saved
[2026-01-28 14:20:36.983] [DISPLAY] [Main ] [launcher] Presence signed out
[2026-01-28 14:20:36.983] [DISPLAY] [Main ] [launcher] All subsystems have shut down
[2026-01-28 14:20:36.983] [DISPLAY] [Main ] [launcher] SHUTDOWN_IN_PROGRESS -> SHUTDOWN_COMPLETE
[2026-01-28 14:20:36.983] [DISPLAY] [Main ] [app] Application quit requested (exit code: 0)
[2026-01-28 14:20:36.983] [DISPLAY] [Main ] [launcher] SHUTDOWN_COMPLETE -> SHUTDOWN_EXITING
[2026-01-28 14:20:37.020] [DISPLAY] [Main ] [svc] Stopping the background service.
