[2026-01-24 16:51:55.852] [DISPLAY] [Main ] [fileutils] Checking version: C:\Program Files\Rockstar Games\Launcher\Launcher.exe
[2026-01-24 16:51:55.896] [DISPLAY] [Main ] [dx12] Retrieving D3D12 graphics info
[2026-01-24 16:51:56.473] [DISPLAY] [Main ] [launcher] Opening log file.
[2026-01-24 16:51:56.479] [DISPLAY] [Main ] [startupinfo] Command line: "C:\Program Files\Rockstar Games\Launcher\Launcher.exe" -skipPatcherCheck -epicAppId=gta5_gen9  -AUTH_LOGIN=unused -AUTH_PASSWORD=2739cb8bf30b4ad8b5be0829bb62bcd0 -AUTH_TYPE=exchangecode -epicapp=8769e24080ea413b8ebca3f1b8c50951 -epicenv=Prod -EpicPortal -epicusername="inimitable_499" -epicuserid=3e9d95babb60483998fa20941396964d -epiclocale=en -epicsandboxid=b0cd075465c44f87be3b505ac04a2e46 -rlrosdomainenv=prod @args.txt
[2026-01-24 16:51:56.479] [DISPLAY] [Main ] [startupinfo] P4 Version: 
[2026-01-24 16:51:56.479] [DISPLAY] [Main ] [startupinfo] RGL Branch: release_05
[2026-01-24 16:51:56.479] [DISPLAY] [Main ] [startupinfo] Version:    1.0.105.2733
[2026-01-24 16:51:56.479] [DISPLAY] [Main ] [startupinfo] Session ID: 25f2dc01-80f0-11bb-88e7-a3e439fc455b
[2026-01-24 16:51:56.479] [DISPLAY] [Main ] [startupinfo] Name Hash:  DCCF306D
[2026-01-24 16:51:56.479] [DISPLAY] [Main ] [startupinfo] Parameters:
[2026-01-24 16:51:56.479] [DISPLAY] [Main ] [startupinfo]     C:\Program Files\Rockstar Games\Launcher\Launcher.exe
[2026-01-24 16:51:56.479] [DISPLAY] [Main ] [startupinfo]     -skipPatcherCheck
[2026-01-24 16:51:56.479] [DISPLAY] [Main ] [startupinfo]     -epicAppId=gta5_gen9
[2026-01-24 16:51:56.479] [DISPLAY] [Main ] [startupinfo]     -AUTH_LOGIN=unused
[2026-01-24 16:51:56.479] [DISPLAY] [Main ] [startupinfo]     -AUTH_PASSWORD=2739cb8bf30b4ad8b5be0829bb62bcd0
[2026-01-24 16:51:56.479] [DISPLAY] [Main ] [startupinfo]     -AUTH_TYPE=exchangecode
[2026-01-24 16:51:56.479] [DISPLAY] [Main ] [startupinfo]     -epicapp=8769e24080ea413b8ebca3f1b8c50951
[2026-01-24 16:51:56.479] [DISPLAY] [Main ] [startupinfo]     -epicenv=Prod
[2026-01-24 16:51:56.479] [DISPLAY] [Main ] [startupinfo]     -EpicPortal
[2026-01-24 16:51:56.479] [DISPLAY] [Main ] [startupinfo]     -epicusername=inimitable_499
[2026-01-24 16:51:56.479] [DISPLAY] [Main ] [startupinfo]     -epicuserid=3e9d95babb60483998fa20941396964d
[2026-01-24 16:51:56.479] [DISPLAY] [Main ] [startupinfo]     -epiclocale=en
[2026-01-24 16:51:56.479] [DISPLAY] [Main ] [startupinfo]     -epicsandboxid=b0cd075465c44f87be3b505ac04a2e46
[2026-01-24 16:51:56.479] [DISPLAY] [Main ] [startupinfo]     -rlrosdomainenv=prod
[2026-01-24 16:51:56.479] [DISPLAY] [Main ] [startupinfo]     @args.txt
[2026-01-24 16:51:56.479] [DISPLAY] [Main ] [startup] Initial Working Directory: C:\Program Files\Epic Games\GTAVEnhanced
[2026-01-24 16:51:56.479] [DISPLAY] [Main ] [startup] Working directory: C:\Program Files\Rockstar Games\Launcher
[2026-01-24 16:51:56.489] [DISPLAY] [Main ] [packfile] Initialize 'Launcher.rpf' - succeeded
[2026-01-24 16:51:56.489] [DISPLAY] [Main ] [localisation] Language updated to: 0
[2026-01-24 16:51:56.540] [DISPLAY] [Main ] [external] Creating epic min mode launch
[2026-01-24 16:51:56.540] [DISPLAY] [Main ] [external] Epic App Id: gta5_gen9
[2026-01-24 16:51:56.540] [DISPLAY] [Main ] [external] Epic Location: C:\Program Files\Epic Games\GTAVEnhanced
[2026-01-24 16:51:56.540] [DISPLAY] [Main ] [external] Epic Relaunch: false
[2026-01-24 16:51:56.551] [DISPLAY] [Main ] [external] Running from Epic Games Launcher.
[2026-01-24 16:51:56.553] [DISPLAY] [Main ] [metadatamanager] Read external Epic metadata: gta5_gen9
[2026-01-24 16:51:56.553] [DISPLAY] [Main ] [environment] SetEnvironment: prod
[2026-01-24 16:51:56.555] [DISPLAY] [Main ] [subsystem] Init phase 1
[2026-01-24 16:51:56.555] [DISPLAY] [Main ] [fileutils] Checking version: C:\Program Files\Rockstar Games\Launcher\RockstarService.exe
[2026-01-24 16:51:56.695] [DISPLAY] [Main ] [svc] Service version: 1.0.105.2733 (1.0.105.2733)
[2026-01-24 16:51:56.695] [DISPLAY] [Main ] [svc] Starting service (attempt 1 / 3)...
[2026-01-24 16:51:56.953] [DISPLAY] [Main ] [titlestorage] Installed titles:
[2026-01-24 16:51:56.953] [DISPLAY] [Main ] [titlestorage]  Title                             Progress               Version              Location                                                    
[2026-01-24 16:51:56.975] [DISPLAY] [Main ] [fileutils] Checking version: C:\Program Files\Rockstar Games\Social Club\socialclub.dll
[2026-01-24 16:51:57.105] [DISPLAY] [Main ] [subsystem] Initializing group 0...
[2026-01-24 16:51:57.105] [DISPLAY] [Main ] [subsystem] Init phase 2
[2026-01-24 16:51:57.105] [DISPLAY] [Main ] [subsystem] Starting systems...
[2026-01-24 16:51:57.105] [DISPLAY] [Main ] [minmode] Overriding language from external game launch: en-US
[2026-01-24 16:51:57.105] [DISPLAY] [Main ] [localisation] Language updated to: 0
[2026-01-24 16:51:57.105] [DISPLAY] [Main ] [subsystem] Starting diag...
[2026-01-24 16:51:57.105] [DISPLAY] [Main ] [fileutils] Checking local versions...
[2026-01-24 16:51:57.105] [DISPLAY] [Main ] [fileutils] Checking version: C:\Program Files\Rockstar Games\Social Club\socialclub.dll
[2026-01-24 16:51:57.105] [DISPLAY] [Main ] [fileutils] Checking RGL version...
[2026-01-24 16:51:57.105] [DISPLAY] [Main ] [fileutils] Version: 2.4.0.146 | 1.0.105.2733 | FFP
[2026-01-24 16:51:57.105] [DISPLAY] [Main ] [subsystem] Starting net...
[2026-01-24 16:51:57.117] [DISPLAY] [Main ] [subsystem] Assigning pools...
[2026-01-24 16:51:57.117] [DISPLAY] [Main ] [subsystem] Initializing engine...
[2026-01-24 16:51:57.118] [DISPLAY] [Main ] [subsystem] Initializing group 1...
[2026-01-24 16:51:57.170] [DISPLAY] [Workr] [selfupdate] Up-to-date.
[2026-01-24 16:51:57.281] [DISPLAY] [bgsvc] [svc] Received response from service.
[2026-01-24 16:51:57.330] [DISPLAY] [Main ] [systemtray] System tray: enabled
[2026-01-24 16:51:57.345] [DISPLAY] [Main ] [launcher] Passed check: majorVersion(10.0.26200) >= 10
[2026-01-24 16:51:57.425] [DISPLAY] [http1] [idownloader] Starting download of 'https://gamedownloads-rockstargames-com.akamaized.net/public/launcher_online_config.xml'
[2026-01-24 16:51:57.659] [DISPLAY] [http1] [idownloader] Completed download of 'https://gamedownloads-rockstargames-com.akamaized.net/public/launcher_online_config.xml' (status: 0/200)
[2026-01-24 16:51:57.712] [DISPLAY] [Workr] [marketing_promo] No promotion manifest in memory, refreshing from cloud.
[2026-01-24 16:51:57.712] [DISPLAY] [Workr] [marketing_promo] Requesting new manifest
[2026-01-24 16:51:57.712] [DISPLAY] [Workr] [titlemanager] Downloading title list...
[2026-01-24 16:51:57.712] [DISPLAY] [Workr] [titlemanager] Downloading default title list (SCS)...
[2026-01-24 16:51:57.712] [DISPLAY] [Workr] [idownloader] Starting download of 'https://rgl-prod.ros.rockstargames.com/launcher/11/LauncherServices/App.asmx/GetDefaultApps?accessToken='
[2026-01-24 16:51:58.829] [DISPLAY] [Workr] [idownloader] Completed download of 'https://rgl-prod.ros.rockstargames.com/launcher/11/LauncherServices/App.asmx/GetDefaultApps?accessToken=' (status: 0/200)
[2026-01-24 16:51:58.829] [DISPLAY] [Workr] [services] Obtained NA-BAT
[2026-01-24 16:51:58.829] [DISPLAY] [Workr] [services] Parsed response from GetDefaultApps: 1 title(s), 1 branch(es)
[2026-01-24 16:51:58.829] [DISPLAY] [Workr] [titlemanager] Retrieved default title: launcher
[2026-01-24 16:51:58.829] [DISPLAY] [Workr] [titlemanager] Launcher tokens: BAT: false, NA-BAT: true
[2026-01-24 16:51:58.829] [DISPLAY] [Workr] [titlemanager] Title list updated.
[2026-01-24 16:51:58.829] [DISPLAY] [Workr] [launcher] Checking for self-update...
[2026-01-24 16:51:58.834] [DISPLAY] [Workr] [mergedmanifest] Using regular build for launcher
[2026-01-24 16:51:58.835] [DISPLAY] [Workr] [titleupdater] Doing chunk checks for launcher...
[2026-01-24 16:51:59.498] [DISPLAY] [Workr] [titleupdater] Checked 60 chunk(s), 0 were empty, skipped 0 chunk(s) and 0 file(s)
[2026-01-24 16:51:59.498] [DISPLAY] [Workr] [statuschecker] Title Rockstar Games Launcher: No update
[2026-01-24 16:51:59.502] [DISPLAY] [Workr] [launcher] No self-update, continuing.
[2026-01-24 16:51:59.508] [DISPLAY] [Workr] [launcher] Checking for prerequisite updates...
[2026-01-24 16:51:59.508] [DISPLAY] [Workr] [fileutils] Checking version: C:\Program Files\Rockstar Games\Social Club\socialclub.dll
[2026-01-24 16:51:59.509] [DISPLAY] [Workr] [fileutils] Checking version: C:\Program Files\Rockstar Games\Launcher\Redistributables\SocialClub\Social-Club-Setup.exe
[2026-01-24 16:51:59.510] [DISPLAY] [Workr] [preqmanager] The Social Club version available matches that currently installed (both: 2.4.0.146)
[2026-01-24 16:51:59.510] [DISPLAY] [Workr] [titleupdater] No prerequisites to install.
[2026-01-24 16:51:59.510] [DISPLAY] [Workr] [launcher] Checking minimum SDK requirement
[2026-01-24 16:51:59.510] [DISPLAY] [Workr] [fileutils] Checking version: C:\Program Files\Rockstar Games\Social Club\socialclub.dll
[2026-01-24 16:51:59.583] [DISPLAY] [Workr] [launcher] Completed Pre-initialization tasks
[2026-01-24 16:51:59.592] [DISPLAY] [Main ] [subsystem] Init phase 3
[2026-01-24 16:51:59.592] [DISPLAY] [Main ] [subsystem] RGL Offline Assets path: C:\Program Files\Rockstar Games\Launcher\offline.pak
[2026-01-24 16:51:59.592] [DISPLAY] [Main ] [subsystem] Intializing connection manager.
[2026-01-24 16:51:59.592] [DISPLAY] [Main ] [subsystem] Initializing RAGE networking.
[2026-01-24 16:51:59.973] [DISPLAY] [Main ] [subsystem] Initializing group 2...
[2026-01-24 16:52:00.129] [DISPLAY] [Workr] [dx12] Retrieving D3D12 graphics info
[2026-01-24 16:52:00.347] [DISPLAY] [Workr] [sysinfo] System Configuration: 
 CPU Info:
  ID: AMD64 Family 25 Model 68 Stepping 1
  Name: AMD Ryzen 7 7735HS with Radeon Graphics        
  Clock Speed: 3.19 GHZ
  Physical Cores: 8
  Logical Cores: 16
  SSE 4.1: enabled
  SSE 4.2: enabled

 Disk 0 (C:\)
  Disk Type: NVMe
  Bytes Free: 171210792960
  Bytes Total: 510745636864

Memory Info:
 17179869184 B
 16 GB

 GPU 0
  Description: NVIDIA GeForce RTX 4060 Laptop GPU
  Capacity (Bytes): 8343519232
  Display Capacity: 8.0 GB

 GPU 1
  Description: AMD Radeon(TM) Graphics
  Capacity (Bytes): 506949632
  Display Capacity: 0.5 GB
[2026-01-24 16:52:00.350] [DISPLAY] [Workr] [idownloader] Starting download of 'https://gamedownloads-rockstargames-com.akamaized.net/public/marketing.json'
[2026-01-24 16:52:00.567] [DISPLAY] [Workr] [idownloader] Completed download of 'https://gamedownloads-rockstargames-com.akamaized.net/public/marketing.json' (status: 0/200)
[2026-01-24 16:52:00.738] [DISPLAY] [Workr] [fileutils] Could not enumerate files in folder 'C:\Users\ACER\AppData\Local\Rockstar Games\Launcher\IconCache', path not found.
[2026-01-24 16:52:02.566] [DISPLAY] [Main ] [sysinfo] Identified device Type: 0
[2026-01-24 16:52:02.897] [DISPLAY] [Main ] [launcher] Social Club UI has started.
[2026-01-24 16:52:02.897] [DISPLAY] [Main ] [fileutils] Checking version: C:\Program Files\Rockstar Games\Social Club\socialclub.dll
[2026-01-24 16:52:02.899] [DISPLAY] [Admin] [external] Setting up epic title: gta5_gen9
[2026-01-24 16:52:03.080] [DISPLAY] [Main ] [launcher] Time to start up: 7271 ms
[2026-01-24 16:52:03.089] [DISPLAY] [Main ] [systemtray] System tray: enabled
[2026-01-24 16:52:03.160] [DISPLAY] [Main ] [ui_window_controller] UiWindowController::SetContext: Invalid -> Auth
[2026-01-24 16:52:03.160] [DISPLAY] [Main ] [ui_window_controller] UiWindowController::SetState: Invalid -> WaitForBrowser
[2026-01-24 16:52:03.161] [DISPLAY] [Main ] [ui_window_controller] UiWindowController::SetState: WaitForBrowser -> WaitForWindow
[2026-01-24 16:52:05.951] [DISPLAY] [Main ] [launcher] OnEpicEvent :: 0 received
[2026-01-24 16:52:06.005] [DISPLAY] [Admin] [metadatamanager] Read external Epic metadata: gta5_gen9
[2026-01-24 16:52:06.420] [DISPLAY] [Admin] [external] Epic ownership request indicated valid entitlement of at least once audience
[2026-01-24 16:52:06.427] [DISPLAY] [Admin] [external] Successfully setup title
[2026-01-24 16:52:06.427] [DISPLAY] [Main ] [external] Client is ready to attempt a launch.
[2026-01-24 16:52:12.807] [DISPLAY] [Main ] [ui_window_controller] UiWindowController::SetState: WaitForWindow -> Active
[2026-01-24 16:52:14.200] [DISPLAY] [Main ] [ui_window_controller] UiWindowController::SetState: Active -> WaitForBrowser
[2026-01-24 16:52:14.200] [DISPLAY] [Main ] [ui_window_controller] UiWindowController::SetState: WaitForBrowser -> WaitForWindow
[2026-01-24 16:52:14.200] [DISPLAY] [Main ] [ui_window_controller] UiWindowController::SetState: WaitForWindow -> Active
[2026-01-24 16:52:24.491] [DISPLAY] [Main ] [ui_window_controller] UiWindowController::SetContext: Auth -> MainWindow
[2026-01-24 16:52:24.491] [DISPLAY] [Main ] [ui_window_controller] UiWindowController::SetState: Active -> WaitForBrowser
[2026-01-24 16:52:24.522] [DISPLAY] [Main ] [ui_mainwindow] Using DPI 120,120
[2026-01-24 16:52:24.522] [DISPLAY] [Main ] [ui_mainwindow] Using UI Scale: 1.25
[2026-01-24 16:52:24.522] [DISPLAY] [Main ] [ui_mainwindow] Using saved geometry: 356,159 (1278 x 748)
[2026-01-24 16:52:24.531] [DISPLAY] [Main ] [launcher] Presence Event - Signed In
[2026-01-24 16:52:24.531] [DISPLAY] [Main ] [launcher] User 'Prince_499' is now signed in
[2026-01-24 16:52:24.564] [DISPLAY] [Main ] [launcher] Presence Event :: Went Online
[2026-01-24 16:52:24.564] [DISPLAY] [Admin] [titlemanager] Downloading title list...
[2026-01-24 16:52:24.565] [DISPLAY] [Main ] [scuicallbacks] Enabling Downloading
[2026-01-24 16:52:24.565] [DISPLAY] [Main ] [ui_window_controller] UiWindowController::SetState: WaitForBrowser -> WaitForWindow
[2026-01-24 16:52:24.565] [DISPLAY] [Main ] [ui_window_controller] UiWindowController::SetState: WaitForWindow -> Active
[2026-01-24 16:52:24.580] [DISPLAY] [Admin] [titlemanager] Downloading title list (SCS)...
[2026-01-24 16:52:28.898] [DISPLAY] [Main ] [external] Attempting external title launch...
[2026-01-24 16:52:28.898] [DISPLAY] [Main ] [gamelaunch] Begin game launch: gta5_gen9
[2026-01-24 16:52:28.898] [DISPLAY] [Main ] [gamelaunch] Flags: 67
[2026-01-24 16:52:28.898] [DISPLAY] [Main ] [gamelaunch] Path: C:\Program Files\Epic Games\GTAVEnhanced
[2026-01-24 16:52:30.496] [DISPLAY] [Main ] [telemetrymanager] Secondary platform is set to: 9
[2026-01-24 16:52:30.498] [DISPLAY] [16164] [gamelaunch] Launch Folder: C:\Program Files\Epic Games\GTAVEnhanced
[2026-01-24 16:52:30.498] [DISPLAY] [16164] [gamelaunch] Launch Path: C:\Program Files\Epic Games\GTAVEnhanced\GTA5_Enhanced.exe
[2026-01-24 16:52:30.516] [DISPLAY] [Main ] [scuicallbacks] Setting updated by frontend
[2026-01-24 16:52:30.517] [DISPLAY] [Main ] [scuicallbacks] Launch requested by user: gta5_gen9, default
[2026-01-24 16:52:30.517] [WARNING] [Main ] [scuicallbacks] Second external launch requested from SCUI. Discarding (Requested: gta5_gen9, Existing: gta5_gen9)
[2026-01-24 16:52:30.553] [DISPLAY] [Main ] [launcher] Friend Event - Friends are Available
[2026-01-24 16:52:30.830] [DISPLAY] [16164] [fileutils] Checking version: C:\Program Files\Epic Games\GTAVEnhanced\GTA5_Enhanced.exe
[2026-01-24 16:52:30.843] [DISPLAY] [16164] [gamelaunch] RGL is up to date (current: 1.0.105.2733, minimum: 1.0.101.2370)
[2026-01-24 16:52:30.843] [DISPLAY] [16164] [fileutils] Checking version: C:\Program Files\Epic Games\GTAVEnhanced\GTA5_Enhanced.exe
[2026-01-24 16:52:30.844] [DISPLAY] [16164] [gamelaunch] Grand Theft Auto V Enhanced is up to date (current: 1.0.1013.20, minimum: 1.0.812.5)
[2026-01-24 16:52:30.844] [DISPLAY] [16164] [fileutils] Checking version: C:\Program Files\Rockstar Games\Social Club\socialclub.dll
[2026-01-24 16:52:31.650] [DISPLAY] [Main ] [services] Parsed response from GetApps: 22 title(s), 1 branch(es)
[2026-01-24 16:52:31.671] [DISPLAY] [Admin] [titlemanager] Title list updated.
[2026-01-24 16:52:33.890] [DISPLAY] [Admin] [titlemanager] Downloading title list...
[2026-01-24 16:52:33.890] [DISPLAY] [Admin] [titlemanager] Downloading title list (SCS)...
[2026-01-24 16:52:35.113] [DISPLAY] [Main ] [services] Parsed response from GetApps: 22 title(s), 1 branch(es)
[2026-01-24 16:52:35.141] [DISPLAY] [Admin] [titlemanager] Title list updated.
[2026-01-24 16:52:36.657] [DISPLAY] [Main ] [cloudsaveop] Cloud Save sync requested for app 'gta5_gen9'
[2026-01-24 16:52:36.675] [DISPLAY] [Main ] [cloudsaveop] Starting cloud save enabled check for app 'gta5_gen9'
[2026-01-24 16:52:36.685] [DISPLAY] [Main ] [cloudsaveop] Received cloud saves enabled state for app 'gta5_gen9' = disabled
[2026-01-24 16:52:36.686] [DISPLAY] [Main ] [cloudsaveop] Finished syncing cloud saves for app 'gta5_gen9'
[2026-01-24 16:52:37.662] [DISPLAY] [net3 ] [audio] Valid Audio Device: true
[2026-01-24 16:52:51.354] [DISPLAY] [16164] [gamelaunch] Launching game...
[2026-01-24 16:52:51.354] [DISPLAY] [16164] [gamelaunch]  Path: C:\Program Files\Epic Games\GTAVEnhanced\GTA5_Enhanced_BE.exe
[2026-01-24 16:52:51.354] [DISPLAY] [16164] [gamelaunch]  Command Line: "C:\Program Files\Epic Games\GTAVEnhanced\GTA5_Enhanced_BE.exe" -skipPatcherCheck -epicAppId=gta5_gen9 -AUTH_LOGIN=unused -AUTH_PASSWORD=2739cb8bf30b4ad8b5be0829bb62bcd0 -AUTH_TYPE=exchangecode -epicapp=8769e24080ea413b8ebca3f1b8c50951 -epicenv=Prod -EpicPortal -epicusername=inimitable_499 -epicuserid=3e9d95babb60483998fa20941396964d -epiclocale=en -epicsandboxid=b0cd075465c44f87be3b505ac04a2e46 -rlrosdomainenv=prod @args.txt -enableCrashpad -useEpic -scCommerceProvider=4 @commandline.txt -fromRGL -scDiscordClientId=1329870933695135785 -rglLanguage=en-US
[2026-01-24 16:52:51.354] [DISPLAY] [16164] [gamelaunch]  Working Directory: C:\Program Files\Epic Games\GTAVEnhanced
[2026-01-24 16:54:06.280] [DISPLAY] [Main ] [launcher] OnEpicEvent :: 0 received
[2026-01-24 16:58:51.259] [DISPLAY] [16164] [gamelaunch] Game exited with code 0x80000003 (2147483651)
[2026-01-24 16:58:51.277] [DISPLAY] [16164] [crashdetection] Reading game exit file...
[2026-01-24 16:58:51.277] [DISPLAY] [16164] [crashdetection] Updating exit code: 0x40cdfd74
[2026-01-24 16:58:51.277] [WARNING] [16164] [crashdetection] Not found: ERROR_FILE_HASH
[2026-01-24 16:58:51.277] [DISPLAY] [16164] [crashdetection] No additional error information found.
[2026-01-24 16:58:51.277] [DISPLAY] [16164] [crashdetection] Additional error message found: Game error. Please reboot and restart the game.
[2026-01-24 16:58:51.277] [DISPLAY] [16164] [crashdetection] Deleting game exit file...
[2026-01-24 16:58:51.279] [ ERROR ] [16164] [launcher] ReportGameExit: Grand Theft Auto V Enhanced exited unexpectedly: Game error. Please reboot and restart the game.

Please click Retry below to enter the game again, or click Safe Mode to launch the game with reduced graphics settings. 

If you continue to have problems playing the game, please contact Rockstar Games Customer Support at https://support.rockstargames.com.
[2026-01-24 16:58:58.123] [DISPLAY] [Main ] [gamelaunch] Game restart requested for 'gta5_gen9'
[2026-01-24 16:58:59.348] [DISPLAY] [16164] [gamelaunch] Launch Folder: C:\Program Files\Epic Games\GTAVEnhanced
[2026-01-24 16:58:59.348] [DISPLAY] [16164] [gamelaunch] Launch Path: C:\Program Files\Epic Games\GTAVEnhanced\GTA5_Enhanced.exe
[2026-01-24 16:58:59.348] [DISPLAY] [16164] [fileutils] Checking version: C:\Program Files\Epic Games\GTAVEnhanced\GTA5_Enhanced.exe
[2026-01-24 16:58:59.349] [DISPLAY] [16164] [gamelaunch] RGL is up to date (current: 1.0.105.2733, minimum: 1.0.101.2370)
[2026-01-24 16:58:59.349] [DISPLAY] [16164] [fileutils] Checking version: C:\Program Files\Epic Games\GTAVEnhanced\GTA5_Enhanced.exe
[2026-01-24 16:58:59.350] [DISPLAY] [16164] [gamelaunch] Grand Theft Auto V Enhanced is up to date (current: 1.0.1013.20, minimum: 1.0.812.5)
[2026-01-24 16:58:59.350] [DISPLAY] [16164] [fileutils] Checking version: C:\Program Files\Rockstar Games\Social Club\socialclub.dll
[2026-01-24 16:59:01.001] [DISPLAY] [net4 ] [audio] Valid Audio Device: true
[2026-01-24 16:59:03.574] [DISPLAY] [16164] [gamelaunch] Launching game...
[2026-01-24 16:59:03.574] [DISPLAY] [16164] [gamelaunch]  Path: C:\Program Files\Epic Games\GTAVEnhanced\GTA5_Enhanced_BE.exe
[2026-01-24 16:59:03.574] [DISPLAY] [16164] [gamelaunch]  Command Line: "C:\Program Files\Epic Games\GTAVEnhanced\GTA5_Enhanced_BE.exe" -skipPatcherCheck -epicAppId=gta5_gen9 -AUTH_LOGIN=unused -AUTH_PASSWORD=2739cb8bf30b4ad8b5be0829bb62bcd0 -AUTH_TYPE=exchangecode -epicapp=8769e24080ea413b8ebca3f1b8c50951 -epicenv=Prod -EpicPortal -epicusername=inimitable_499 -epicuserid=3e9d95babb60483998fa20941396964d -epiclocale=en -epicsandboxid=b0cd075465c44f87be3b505ac04a2e46 -rlrosdomainenv=prod @args.txt -enableCrashpad -useEpic -scCommerceProvider=4 @commandline.txt -fromRGL -scDiscordClientId=1329870933695135785 -rglLanguage=en-US
[2026-01-24 16:59:03.574] [DISPLAY] [16164] [gamelaunch]  Working Directory: C:\Program Files\Epic Games\GTAVEnhanced
