[2026-02-11 15:18:53.196] [DISPLAY] [Main ] [fileutils] Checking version: C:\Program Files\Rockstar Games\Launcher\Launcher.exe
[2026-02-11 15:18:53.209] [DISPLAY] [Main ] [dx12] Retrieving D3D12 graphics info
[2026-02-11 15:18:53.729] [DISPLAY] [Main ] [launcher] Opening log file.
[2026-02-11 15:18:53.737] [DISPLAY] [Main ] [startupinfo] Command line: "C:\Program Files\Rockstar Games\Launcher\Launcher.exe" -skipPatcherCheck -epicAppId=gta5_gen9  -AUTH_LOGIN=unused -AUTH_PASSWORD= -AUTH_TYPE=exchangecode -epicapp=8769e24080ea413b8ebca3f1b8c50951 -epicenv=Prod -EpicPortal -epicusername="inimitable_499" -epicuserid=3e9d95babb60483998fa20941396964d -epiclocale=en -epicsandboxid=b0cd075465c44f87be3b505ac04a2e46 -rlrosdomainenv=prod @args.txt
[2026-02-11 15:18:53.737] [DISPLAY] [Main ] [startupinfo] P4 Version: 
[2026-02-11 15:18:53.737] [DISPLAY] [Main ] [startupinfo] RGL Branch: release_05
[2026-02-11 15:18:53.737] [DISPLAY] [Main ] [startupinfo] Version:    1.0.105.2733
[2026-02-11 15:18:53.737] [DISPLAY] [Main ] [startupinfo] Session ID: 6d220401-444c-11da-a765-7f40d361a046
[2026-02-11 15:18:53.737] [DISPLAY] [Main ] [startupinfo] Name Hash:  DCCF306D
[2026-02-11 15:18:53.737] [DISPLAY] [Main ] [startupinfo] Parameters:
[2026-02-11 15:18:53.737] [DISPLAY] [Main ] [startupinfo]     C:\Program Files\Rockstar Games\Launcher\Launcher.exe
[2026-02-11 15:18:53.737] [DISPLAY] [Main ] [startupinfo]     -skipPatcherCheck
[2026-02-11 15:18:53.737] [DISPLAY] [Main ] [startupinfo]     -epicAppId=gta5_gen9
[2026-02-11 15:18:53.737] [DISPLAY] [Main ] [startupinfo]     -AUTH_LOGIN=unused
[2026-02-11 15:18:53.737] [DISPLAY] [Main ] [startupinfo]     -AUTH_PASSWORD=
[2026-02-11 15:18:53.737] [DISPLAY] [Main ] [startupinfo]     -AUTH_TYPE=exchangecode
[2026-02-11 15:18:53.737] [DISPLAY] [Main ] [startupinfo]     -epicapp=8769e24080ea413b8ebca3f1b8c50951
[2026-02-11 15:18:53.737] [DISPLAY] [Main ] [startupinfo]     -epicenv=Prod
[2026-02-11 15:18:53.737] [DISPLAY] [Main ] [startupinfo]     -EpicPortal
[2026-02-11 15:18:53.737] [DISPLAY] [Main ] [startupinfo]     -epicusername=inimitable_499
[2026-02-11 15:18:53.737] [DISPLAY] [Main ] [startupinfo]     -epicuserid=3e9d95babb60483998fa20941396964d
[2026-02-11 15:18:53.737] [DISPLAY] [Main ] [startupinfo]     -epiclocale=en
[2026-02-11 15:18:53.737] [DISPLAY] [Main ] [startupinfo]     -epicsandboxid=b0cd075465c44f87be3b505ac04a2e46
[2026-02-11 15:18:53.737] [DISPLAY] [Main ] [startupinfo]     -rlrosdomainenv=prod
[2026-02-11 15:18:53.737] [DISPLAY] [Main ] [startupinfo]     @args.txt
[2026-02-11 15:18:53.737] [DISPLAY] [Main ] [startup] Initial Working Directory: C:\Program Files\Epic Games\GTAVEnhanced
[2026-02-11 15:18:53.737] [DISPLAY] [Main ] [startup] Working directory: C:\Program Files\Rockstar Games\Launcher
[2026-02-11 15:18:53.741] [DISPLAY] [Main ] [packfile] Initialize 'Launcher.rpf' - succeeded
[2026-02-11 15:18:53.741] [DISPLAY] [Main ] [localisation] Language updated to: 0
[2026-02-11 15:18:53.836] [DISPLAY] [Main ] [external] Creating epic min mode launch
[2026-02-11 15:18:53.836] [DISPLAY] [Main ] [external] Epic App Id: gta5_gen9
[2026-02-11 15:18:53.836] [DISPLAY] [Main ] [external] Epic Location: C:\Program Files\Epic Games\GTAVEnhanced
[2026-02-11 15:18:53.836] [DISPLAY] [Main ] [external] Epic Relaunch: false
[2026-02-11 15:18:53.859] [DISPLAY] [Main ] [external] Running from Epic Games Launcher.
[2026-02-11 15:18:53.861] [DISPLAY] [Main ] [metadatamanager] Read external Epic metadata: gta5_gen9
[2026-02-11 15:18:53.861] [DISPLAY] [Main ] [environment] SetEnvironment: prod
[2026-02-11 15:18:53.864] [DISPLAY] [Main ] [subsystem] Init phase 1
[2026-02-11 15:18:53.864] [DISPLAY] [Main ] [fileutils] Checking version: C:\Program Files\Rockstar Games\Launcher\RockstarService.exe
[2026-02-11 15:18:53.865] [DISPLAY] [Main ] [svc] Service version: 1.0.105.2733 (1.0.105.2733)
[2026-02-11 15:18:53.865] [DISPLAY] [Main ] [svc] Starting service (attempt 1 / 3)...
[2026-02-11 15:18:53.876] [DISPLAY] [Main ] [titlestorage] Installed titles:
[2026-02-11 15:18:53.876] [DISPLAY] [Main ] [titlestorage]  Title                             Progress               Version              Location                                                    
[2026-02-11 15:18:53.900] [DISPLAY] [Main ] [fileutils] Checking version: C:\Program Files\Rockstar Games\Social Club\socialclub.dll
[2026-02-11 15:18:53.907] [DISPLAY] [Main ] [subsystem] Initializing group 0...
[2026-02-11 15:18:53.908] [DISPLAY] [Main ] [subsystem] Init phase 2
[2026-02-11 15:18:53.908] [DISPLAY] [Main ] [subsystem] Starting systems...
[2026-02-11 15:18:53.908] [DISPLAY] [Main ] [minmode] Overriding language from external game launch: en-US
[2026-02-11 15:18:53.908] [DISPLAY] [Main ] [localisation] Language updated to: 0
[2026-02-11 15:18:53.908] [DISPLAY] [Main ] [subsystem] Starting diag...
[2026-02-11 15:18:53.908] [DISPLAY] [Main ] [fileutils] Checking local versions...
[2026-02-11 15:18:53.908] [DISPLAY] [Main ] [fileutils] Checking version: C:\Program Files\Rockstar Games\Social Club\socialclub.dll
[2026-02-11 15:18:53.909] [DISPLAY] [Main ] [fileutils] Checking RGL version...
[2026-02-11 15:18:53.909] [DISPLAY] [Main ] [fileutils] Version: 2.4.0.146 | 1.0.105.2733 | FFP
[2026-02-11 15:18:53.909] [DISPLAY] [Main ] [subsystem] Starting net...
[2026-02-11 15:18:53.922] [DISPLAY] [Main ] [subsystem] Assigning pools...
[2026-02-11 15:18:53.922] [DISPLAY] [Main ] [subsystem] Initializing engine...
[2026-02-11 15:18:53.923] [DISPLAY] [Main ] [subsystem] Initializing group 1...
[2026-02-11 15:18:53.937] [DISPLAY] [Workr] [selfupdate] Up-to-date.
[2026-02-11 15:18:54.129] [DISPLAY] [Main ] [systemtray] System tray: enabled
[2026-02-11 15:18:54.156] [DISPLAY] [Main ] [launcher] Passed check: majorVersion(10.0.26200) >= 10
[2026-02-11 15:18:54.326] [DISPLAY] [bgsvc] [svc] Received response from service.
[2026-02-11 15:18:54.393] [DISPLAY] [Workr] [marketing_promo] No promotion manifest in memory, refreshing from cloud.
[2026-02-11 15:18:54.394] [DISPLAY] [Workr] [marketing_promo] Requesting new manifest
[2026-02-11 15:18:54.394] [DISPLAY] [Workr] [titlemanager] Downloading title list...
[2026-02-11 15:18:54.394] [DISPLAY] [Workr] [titlemanager] Downloading default title list (SCS)...
[2026-02-11 15:18:54.394] [DISPLAY] [Workr] [idownloader] Starting download of 'https://rgl-prod.ros.rockstargames.com/launcher/11/LauncherServices/App.asmx/GetDefaultApps?accessToken='
[2026-02-11 15:18:54.410] [DISPLAY] [http1] [idownloader] Starting download of 'https://gamedownloads-rockstargames-com.akamaized.net/public/launcher_online_config.xml'
[2026-02-11 15:19:05.537] [DISPLAY] [Workr] [idownloader] Completed download of 'https://rgl-prod.ros.rockstargames.com/launcher/11/LauncherServices/App.asmx/GetDefaultApps?accessToken=' (status: 0/200)
[2026-02-11 15:19:05.537] [DISPLAY] [Workr] [services] Obtained NA-BAT
[2026-02-11 15:19:05.537] [DISPLAY] [Workr] [services] Parsed response from GetDefaultApps: 1 title(s), 1 branch(es)
[2026-02-11 15:19:05.537] [DISPLAY] [Workr] [titlemanager] Retrieved default title: launcher
[2026-02-11 15:19:05.537] [DISPLAY] [Workr] [titlemanager] Launcher tokens: BAT: false, NA-BAT: true
[2026-02-11 15:19:05.537] [DISPLAY] [Workr] [titlemanager] Title list updated.
[2026-02-11 15:19:05.537] [DISPLAY] [Workr] [launcher] Checking for self-update...
[2026-02-11 15:19:05.549] [DISPLAY] [Workr] [mergedmanifest] Using regular build for launcher
[2026-02-11 15:19:05.558] [DISPLAY] [Workr] [titleupdater] Doing chunk checks for launcher...
[2026-02-11 15:19:06.226] [DISPLAY] [http1] [idownloader] Completed download of 'https://gamedownloads-rockstargames-com.akamaized.net/public/launcher_online_config.xml' (status: 0/200)
[2026-02-11 15:19:06.530] [DISPLAY] [Workr] [titleupdater] Checked 60 chunk(s), 0 were empty, skipped 0 chunk(s) and 0 file(s)
[2026-02-11 15:19:06.538] [DISPLAY] [Workr] [statuschecker] Title Rockstar Games Launcher: No update
[2026-02-11 15:19:06.546] [DISPLAY] [Workr] [launcher] No self-update, continuing.
[2026-02-11 15:19:06.558] [DISPLAY] [Workr] [launcher] Checking for prerequisite updates...
[2026-02-11 15:19:06.558] [DISPLAY] [Workr] [fileutils] Checking version: C:\Program Files\Rockstar Games\Social Club\socialclub.dll
[2026-02-11 15:19:06.559] [DISPLAY] [Workr] [fileutils] Checking version: C:\Program Files\Rockstar Games\Launcher\Redistributables\SocialClub\Social-Club-Setup.exe
[2026-02-11 15:19:06.561] [DISPLAY] [Workr] [preqmanager] The Social Club version available matches that currently installed (both: 2.4.0.146)
[2026-02-11 15:19:06.561] [DISPLAY] [Workr] [titleupdater] No prerequisites to install.
[2026-02-11 15:19:06.561] [DISPLAY] [Workr] [launcher] Checking minimum SDK requirement
[2026-02-11 15:19:06.561] [DISPLAY] [Workr] [fileutils] Checking version: C:\Program Files\Rockstar Games\Social Club\socialclub.dll
[2026-02-11 15:19:06.597] [DISPLAY] [Workr] [launcher] Completed Pre-initialization tasks
[2026-02-11 15:19:06.607] [DISPLAY] [Main ] [subsystem] Init phase 3
[2026-02-11 15:19:06.607] [DISPLAY] [Main ] [subsystem] RGL Offline Assets path: C:\Program Files\Rockstar Games\Launcher\offline.pak
[2026-02-11 15:19:06.607] [DISPLAY] [Main ] [subsystem] Intializing connection manager.
[2026-02-11 15:19:06.607] [DISPLAY] [Main ] [subsystem] Initializing RAGE networking.
[2026-02-11 15:19:06.700] [DISPLAY] [Main ] [subsystem] Initializing group 2...
[2026-02-11 15:19:06.981] [DISPLAY] [Workr] [dx12] Retrieving D3D12 graphics info
[2026-02-11 15:19:07.374] [DISPLAY] [Workr] [sysinfo] System Configuration: 
 CPU Info:
  ID: AMD64 Family 25 Model 68 Stepping 1
  Name: AMD Ryzen 7 7735HS with Radeon Graphics        
  Clock Speed: 3.19 GHZ
  Physical Cores: 8
  Logical Cores: 16
  SSE 4.1: enabled
  SSE 4.2: enabled

 Disk 0 (C:\)
  Disk Type: NVMe
  Bytes Free: 166684979200
  Bytes Total: 510745636864

Memory Info:
 17179869184 B
 16 GB

 GPU 0
  Description: NVIDIA GeForce RTX 4060 Laptop GPU
  Capacity (Bytes): 8343519232
  Display Capacity: 8.0 GB

 GPU 1
  Description: AMD Radeon(TM) Graphics
  Capacity (Bytes): 506949632
  Display Capacity: 0.5 GB
[2026-02-11 15:19:07.377] [DISPLAY] [Workr] [fileutils] Could not enumerate files in folder 'C:\Users\ACER\AppData\Local\Rockstar Games\Launcher\IconCache', path not found.
[2026-02-11 15:19:07.982] [DISPLAY] [Main ] [sysinfo] Identified device Type: 0
[2026-02-11 15:19:08.084] [DISPLAY] [Main ] [launcher] Social Club UI has started.
[2026-02-11 15:19:08.084] [DISPLAY] [Main ] [fileutils] Checking version: C:\Program Files\Rockstar Games\Social Club\socialclub.dll
[2026-02-11 15:19:08.085] [DISPLAY] [Admin] [external] Setting up epic title: gta5_gen9
[2026-02-11 15:19:08.211] [DISPLAY] [Main ] [launcher] Time to start up: 15060 ms
[2026-02-11 15:19:08.219] [DISPLAY] [Main ] [systemtray] System tray: enabled
[2026-02-11 15:19:08.283] [DISPLAY] [Main ] [ui_window_controller] UiWindowController::SetContext: Invalid -> MainWindow
[2026-02-11 15:19:08.283] [DISPLAY] [Main ] [ui_window_controller] UiWindowController::SetState: Invalid -> WaitForBrowser
[2026-02-11 15:19:08.336] [DISPLAY] [Admin] [external] Successfully setup title
[2026-02-11 15:19:08.375] [DISPLAY] [Main ] [external] Client is ready to attempt a launch.
[2026-02-11 15:19:08.375] [DISPLAY] [Main ] [ui_window_controller] UiWindowController::SetState: WaitForBrowser -> WaitForWindow
[2026-02-11 15:19:08.375] [DISPLAY] [Main ] [ui_window_controller] UiWindowController::SetState: WaitForWindow -> Active
[2026-02-11 15:19:08.375] [DISPLAY] [Main ] [ui_mainwindow] Using DPI 120,120
[2026-02-11 15:19:08.376] [DISPLAY] [Main ] [ui_mainwindow] Using UI Scale: 1.25
[2026-02-11 15:19:08.376] [DISPLAY] [Main ] [ui_mainwindow] Using saved geometry: 322,137 (1278 x 748)
[2026-02-11 15:19:08.567] [DISPLAY] [Main ] [launcher] Presence Event - Signed In
[2026-02-11 15:19:08.567] [DISPLAY] [Main ] [launcher] User 'Prince_499' is now signed in
[2026-02-11 15:19:08.822] [DISPLAY] [Main ] [external] Attempting external title launch...
[2026-02-11 15:19:08.823] [DISPLAY] [Main ] [gamelaunch] Begin game launch: gta5_gen9
[2026-02-11 15:19:08.823] [DISPLAY] [Main ] [gamelaunch] Flags: 67
[2026-02-11 15:19:08.823] [DISPLAY] [Main ] [gamelaunch] Path: C:\Program Files\Epic Games\GTAVEnhanced
[2026-02-11 15:19:08.836] [DISPLAY] [Main ] [gamelaunch] Game launch is in offline mode
[2026-02-11 15:19:08.836] [DISPLAY] [Main ] [telemetrymanager] Secondary platform is set to: 9
[2026-02-11 15:19:08.839] [DISPLAY] [33224] [gamelaunch] Launch Folder: C:\Program Files\Epic Games\GTAVEnhanced
[2026-02-11 15:19:08.839] [DISPLAY] [33224] [gamelaunch] Launch Path: C:\Program Files\Epic Games\GTAVEnhanced\GTA5_Enhanced.exe
[2026-02-11 15:19:09.324] [DISPLAY] [33224] [fileutils] Checking version: C:\Program Files\Epic Games\GTAVEnhanced\GTA5_Enhanced.exe
[2026-02-11 15:19:09.335] [DISPLAY] [33224] [fileutils] Checking version: C:\Program Files\Rockstar Games\Social Club\socialclub.dll
[2026-02-11 15:19:10.936] [DISPLAY] [net2 ] [audio] Valid Audio Device: true
[2026-02-11 15:19:11.023] [DISPLAY] [33224] [gamelaunch] Launching game...
[2026-02-11 15:19:11.023] [DISPLAY] [33224] [gamelaunch]  Path: C:\Program Files\Epic Games\GTAVEnhanced\GTA5_Enhanced.exe
[2026-02-11 15:19:11.023] [DISPLAY] [33224] [gamelaunch]  Command Line: "C:\Program Files\Epic Games\GTAVEnhanced\GTA5_Enhanced.exe" -skipPatcherCheck -epicAppId=gta5_gen9 -AUTH_LOGIN=unused -AUTH_PASSWORD= -AUTH_TYPE=exchangecode -epicapp=8769e24080ea413b8ebca3f1b8c50951 -epicenv=Prod -EpicPortal -epicusername=inimitable_499 -epicuserid=3e9d95babb60483998fa20941396964d -epiclocale=en -epicsandboxid=b0cd075465c44f87be3b505ac04a2e46 -rlrosdomainenv=prod @args.txt -enableCrashpad -useEpic -scCommerceProvider=4 -scOfflineOnly @commandline.txt -fromRGL -scDiscordClientId=1329870933695135785 -rglLanguage=en-US -nobattleye
[2026-02-11 15:19:11.023] [DISPLAY] [33224] [gamelaunch]  Working Directory: C:\Program Files\Epic Games\GTAVEnhanced
[2026-02-11 15:19:23.104] [DISPLAY] [Main ] [lifecycle] Setting to restart after exit.
[2026-02-11 15:19:23.104] [DISPLAY] [Main ] [external] Requesting Epic re-launch of title '8769e24080ea413b8ebca3f1b8c50951'
[2026-02-11 15:19:23.104] [DISPLAY] [Main ] [lifecycle] Restart args: -skipPatcherCheck -EpicPortal -epiclocale=en -epicsandboxid=b0cd075465c44f87be3b505ac04a2e46 -rlrosdomainenv=prod @args.txt -user_restart -relaunchFromEpic=8769e24080ea413b8ebca3f1b8c50951
[2026-02-11 15:19:23.104] [DISPLAY] [Main ] [launcher] Shutdown requested! Forced: false
[2026-02-11 15:19:23.104] [ ERROR ] [Main ] [shell] Window enumeration could not find a game window
[2026-02-11 15:19:23.104] [ ERROR ] [Main ] [shell] Window enumeration could not find a game window
[2026-02-11 15:19:23.143] [DISPLAY] [33224] [gamelaunch] Aborting game launch due to exit being requested.
[2026-02-11 15:19:23.160] [DISPLAY] [33224] [launcher] Shutdown requested! Forced: false
[2026-02-11 15:19:23.161] [DISPLAY] [Main ] [launcher] StartShutdown - Now in progress
[2026-02-11 15:19:23.161] [DISPLAY] [Main ] [launcher] SHUTDOWN_REQUESTED -> SHUTDOWN_MAIN_WINDOW
[2026-02-11 15:19:23.189] [DISPLAY] [Main ] [launcher] SHUTDOWN_MAIN_WINDOW -> SHUTDOWN_STARTUP_WINDOW
[2026-02-11 15:19:23.189] [DISPLAY] [Main ] [launcher] SHUTDOWN_STARTUP_WINDOW -> SHUTDOWN_NOTIFICATION_MANAGER
[2026-02-11 15:19:23.189] [DISPLAY] [Main ] [launcher] SHUTDOWN_NOTIFICATION_MANAGER -> SHUTDOWN_GAME_LAUNCHER
[2026-02-11 15:19:23.189] [DISPLAY] [Main ] [launcher] SHUTDOWN_GAME_LAUNCHER -> SHUTDOWN_WINDOW_CONTROLLER
[2026-02-11 15:19:23.296] [DISPLAY] [Main ] [launcher] SHUTDOWN_WINDOW_CONTROLLER -> SHUTDOWN_STOP_WORKER_THREADS
[2026-02-11 15:19:23.296] [DISPLAY] [Main ] [launcher] SHUTDOWN_STOP_WORKER_THREADS -> SHUTDOWN_TITLES
[2026-02-11 15:19:23.296] [DISPLAY] [Main ] [launcher] SHUTDOWN_TITLES -> SHUTDOWN_DISK
[2026-02-11 15:19:23.296] [DISPLAY] [Main ] [launcher] SHUTDOWN_DISK -> SHUTDOWN_BACKGROUND_SERVICE
[2026-02-11 15:19:23.296] [DISPLAY] [Main ] [launcher] SHUTDOWN_BACKGROUND_SERVICE -> SHUTDOWN_TELEMETRY
[2026-02-11 15:19:23.296] [DISPLAY] [Main ] [launcher] SHUTDOWN_TELEMETRY -> SHUTDOWN_CACHED_REQUEST_MANAGER
[2026-02-11 15:19:23.296] [DISPLAY] [Main ] [launcher] SHUTDOWN_CACHED_REQUEST_MANAGER -> SHUTDOWN_SETTINGS_MANAGER
[2026-02-11 15:19:23.296] [DISPLAY] [Main ] [launcher] SHUTDOWN_SETTINGS_MANAGER -> SHUTDOWN_SDK
[2026-02-11 15:19:23.296] [DISPLAY] [Main ] [launcher] SHUTDOWN_SDK -> SHUTDOWN_PRESENCE
[2026-02-11 15:19:23.296] [DISPLAY] [Main ] [launcher] SHUTDOWN_PRESENCE -> SHUTDOWN_SUBSYSTEMS
[2026-02-11 15:19:23.296] [DISPLAY] [Main ] [launcher] SHUTDOWN_SUBSYSTEMS -> SHUTDOWN_IN_PROGRESS
[2026-02-11 15:19:27.837] [DISPLAY] [Main ] [launcher] Telemetry flushed
[2026-02-11 15:19:27.840] [DISPLAY] [Main ] [launcher] Window destroyed
[2026-02-11 15:19:27.840] [DISPLAY] [Main ] [launcher] SDK ready for shutdown
[2026-02-11 15:19:27.840] [DISPLAY] [Main ] [launcher] Notifications cleared
[2026-02-11 15:19:27.840] [DISPLAY] [Main ] [launcher] No games running
[2026-02-11 15:19:27.840] [DISPLAY] [Main ] [launcher] Worker Threads shutdown
[2026-02-11 15:19:27.923] [DISPLAY] [Main ] [launcher] Title state flushed
[2026-02-11 15:19:27.923] [DISPLAY] [Main ] [launcher] Disk state flushed
[2026-02-11 15:19:27.923] [DISPLAY] [Main ] [launcher] Cached Requests cleared
[2026-02-11 15:19:27.923] [DISPLAY] [Main ] [launcher] Settings saved
[2026-02-11 15:19:27.923] [DISPLAY] [Main ] [launcher] Presence signed out
[2026-02-11 15:19:27.923] [DISPLAY] [Main ] [launcher] All subsystems have shut down
[2026-02-11 15:19:27.923] [DISPLAY] [Main ] [launcher] SHUTDOWN_IN_PROGRESS -> SHUTDOWN_COMPLETE
[2026-02-11 15:19:27.923] [DISPLAY] [Main ] [app] Application quit requested (exit code: 0)
[2026-02-11 15:19:27.923] [DISPLAY] [Main ] [launcher] SHUTDOWN_COMPLETE -> SHUTDOWN_EXITING
[2026-02-11 15:19:27.968] [DISPLAY] [Main ] [svc] Stopping the background service.
